Component: ARM Compiler 5.06 update 5 (build 528) Tool: armlink [4d35e2]

==============================================================================

Section Cross References

    startup_stm32f10x_md_vl.o(STACK) refers (Special) to heapauxi.o(.text) for __use_two_region_memory
    startup_stm32f10x_md_vl.o(HEAP) refers (Special) to heapauxi.o(.text) for __use_two_region_memory
    startup_stm32f10x_md_vl.o(RESET) refers (Special) to heapauxi.o(.text) for __use_two_region_memory
    startup_stm32f10x_md_vl.o(RESET) refers to startup_stm32f10x_md_vl.o(STACK) for __initial_sp
    startup_stm32f10x_md_vl.o(RESET) refers to startup_stm32f10x_md_vl.o(.text) for Reset_Handler
    startup_stm32f10x_md_vl.o(RESET) refers to stm32f10x_it.o(i.NMI_Handler) for NMI_Handler
    startup_stm32f10x_md_vl.o(RESET) refers to stm32f10x_it.o(i.HardFault_Handler) for HardFault_Handler
    startup_stm32f10x_md_vl.o(RESET) refers to stm32f10x_it.o(i.MemManage_Handler) for MemManage_Handler
    startup_stm32f10x_md_vl.o(RESET) refers to stm32f10x_it.o(i.BusFault_Handler) for BusFault_Handler
    startup_stm32f10x_md_vl.o(RESET) refers to stm32f10x_it.o(i.UsageFault_Handler) for UsageFault_Handler
    startup_stm32f10x_md_vl.o(RESET) refers to stm32f10x_it.o(i.SVC_Handler) for SVC_Handler
    startup_stm32f10x_md_vl.o(RESET) refers to stm32f10x_it.o(i.DebugMon_Handler) for DebugMon_Handler
    startup_stm32f10x_md_vl.o(RESET) refers to stm32f10x_it.o(i.PendSV_Handler) for PendSV_Handler
    startup_stm32f10x_md_vl.o(RESET) refers to stm32f10x_it.o(i.SysTick_Handler) for SysTick_Handler
    startup_stm32f10x_md_vl.o(RESET) refers to stm32f10x_it.o(i.TIM4_IRQHandler) for TIM4_IRQHandler
    startup_stm32f10x_md_vl.o(RESET) refers to stm32f10x_it.o(i.USART1_IRQHandler) for USART1_IRQHandler
    startup_stm32f10x_md_vl.o(.text) refers (Special) to heapauxi.o(.text) for __use_two_region_memory
    startup_stm32f10x_md_vl.o(.text) refers to system_stm32f10x.o(i.SystemInit) for SystemInit
    startup_stm32f10x_md_vl.o(.text) refers to __main.o(!!!main) for __main
    startup_stm32f10x_md_vl.o(.text) refers to startup_stm32f10x_md_vl.o(HEAP) for Heap_Mem
    startup_stm32f10x_md_vl.o(.text) refers to startup_stm32f10x_md_vl.o(STACK) for Stack_Mem
    system_stm32f10x.o(i.SetSysClock) refers to system_stm32f10x.o(i.SetSysClockTo72) for SetSysClockTo72
    system_stm32f10x.o(i.SystemCoreClockUpdate) refers to system_stm32f10x.o(.data) for SystemCoreClock
    system_stm32f10x.o(i.SystemInit) refers to system_stm32f10x.o(i.SetSysClock) for SetSysClock
    stm32f10x_adc.o(i.ADC_DeInit) refers to stm32f10x_rcc.o(i.RCC_APB2PeriphResetCmd) for RCC_APB2PeriphResetCmd
    stm32f10x_bkp.o(i.BKP_DeInit) refers to stm32f10x_rcc.o(i.RCC_BackupResetCmd) for RCC_BackupResetCmd
    stm32f10x_can.o(i.CAN_DeInit) refers to stm32f10x_rcc.o(i.RCC_APB1PeriphResetCmd) for RCC_APB1PeriphResetCmd
    stm32f10x_can.o(i.CAN_GetITStatus) refers to stm32f10x_can.o(i.CheckITStatus) for CheckITStatus
    stm32f10x_cec.o(i.CEC_DeInit) refers to stm32f10x_rcc.o(i.RCC_APB1PeriphResetCmd) for RCC_APB1PeriphResetCmd
    stm32f10x_dac.o(i.DAC_DeInit) refers to stm32f10x_rcc.o(i.RCC_APB1PeriphResetCmd) for RCC_APB1PeriphResetCmd
    stm32f10x_flash.o(i.FLASH_EnableWriteProtection) refers to stm32f10x_flash.o(i.FLASH_WaitForLastOperation) for FLASH_WaitForLastOperation
    stm32f10x_flash.o(i.FLASH_EraseAllBank1Pages) refers to stm32f10x_flash.o(i.FLASH_WaitForLastBank1Operation) for FLASH_WaitForLastBank1Operation
    stm32f10x_flash.o(i.FLASH_EraseAllPages) refers to stm32f10x_flash.o(i.FLASH_WaitForLastOperation) for FLASH_WaitForLastOperation
    stm32f10x_flash.o(i.FLASH_EraseOptionBytes) refers to stm32f10x_flash.o(i.FLASH_GetReadOutProtectionStatus) for FLASH_GetReadOutProtectionStatus
    stm32f10x_flash.o(i.FLASH_EraseOptionBytes) refers to stm32f10x_flash.o(i.FLASH_WaitForLastOperation) for FLASH_WaitForLastOperation
    stm32f10x_flash.o(i.FLASH_ErasePage) refers to stm32f10x_flash.o(i.FLASH_WaitForLastOperation) for FLASH_WaitForLastOperation
    stm32f10x_flash.o(i.FLASH_ProgramHalfWord) refers to stm32f10x_flash.o(i.FLASH_WaitForLastOperation) for FLASH_WaitForLastOperation
    stm32f10x_flash.o(i.FLASH_ProgramOptionByteData) refers to stm32f10x_flash.o(i.FLASH_WaitForLastOperation) for FLASH_WaitForLastOperation
    stm32f10x_flash.o(i.FLASH_ProgramWord) refers to stm32f10x_flash.o(i.FLASH_WaitForLastOperation) for FLASH_WaitForLastOperation
    stm32f10x_flash.o(i.FLASH_ReadOutProtection) refers to stm32f10x_flash.o(i.FLASH_WaitForLastOperation) for FLASH_WaitForLastOperation
    stm32f10x_flash.o(i.FLASH_UserOptionByteConfig) refers to stm32f10x_flash.o(i.FLASH_WaitForLastOperation) for FLASH_WaitForLastOperation
    stm32f10x_flash.o(i.FLASH_WaitForLastBank1Operation) refers to stm32f10x_flash.o(i.FLASH_GetBank1Status) for FLASH_GetBank1Status
[...]
    gizProtocolCommonAck                     0x080039b5   Thumb Code    86  gizwits_protocol.o(i.gizProtocolCommonAck)
    i.gizProtocolErrorCmd                    0x08003a54   Section        0  gizwits_protocol.o(i.gizProtocolErrorCmd)
    gizProtocolErrorCmd                      0x08003a55   Thumb Code    90  gizwits_protocol.o(i.gizProtocolErrorCmd)
    i.gizProtocolGetDeviceInfo               0x08003af8   Section        0  gizwits_protocol.o(i.gizProtocolGetDeviceInfo)
    gizProtocolGetDeviceInfo                 0x08003af9   Thumb Code   182  gizwits_protocol.o(i.gizProtocolGetDeviceInfo)
    i.gizProtocolGetOnePacket                0x08003c74   Section        0  gizwits_protocol.o(i.gizProtocolGetOnePacket)
    gizProtocolGetOnePacket                  0x08003c75   Thumb Code   380  gizwits_protocol.o(i.gizProtocolGetOnePacket)
    i.gizProtocolHeadInit                    0x08003e70   Section        0  gizwits_protocol.o(i.gizProtocolHeadInit)
    gizProtocolHeadInit                      0x08003e71   Thumb Code    34  gizwits_protocol.o(i.gizProtocolHeadInit)
    i.gizProtocolIssuedDataAck               0x08003ec0   Section        0  gizwits_protocol.o(i.gizProtocolIssuedDataAck)
    gizProtocolIssuedDataAck                 0x08003ec1   Thumb Code   230  gizwits_protocol.o(i.gizProtocolIssuedDataAck)
    i.gizProtocolIssuedProcess               0x08004000   Section        0  gizwits_protocol.o(i.gizProtocolIssuedProcess)
    gizProtocolIssuedProcess                 0x08004001   Thumb Code   216  gizwits_protocol.o(i.gizProtocolIssuedProcess)
    i.gizProtocolModuleInfoHandle            0x0800410c   Section        0  gizwits_protocol.o(i.gizProtocolModuleInfoHandle)
    gizProtocolModuleInfoHandle              0x0800410d   Thumb Code    68  gizwits_protocol.o(i.gizProtocolModuleInfoHandle)
    i.gizProtocolModuleStatus                0x08004168   Section        0  gizwits_protocol.o(i.gizProtocolModuleStatus)
    gizProtocolModuleStatus                  0x08004169   Thumb Code   816  gizwits_protocol.o(i.gizProtocolModuleStatus)
    i.gizProtocolNTP                         0x0800466c   Section        0  gizwits_protocol.o(i.gizProtocolNTP)
    gizProtocolNTP                           0x0800466d   Thumb Code   112  gizwits_protocol.o(i.gizProtocolNTP)
    i.gizProtocolReboot                      0x080046f8   Section        0  gizwits_protocol.o(i.gizProtocolReboot)
    gizProtocolReboot                        0x080046f9   Thumb Code    28  gizwits_protocol.o(i.gizProtocolReboot)
    i.gizProtocolResendData                  0x08004714   Section        0  gizwits_protocol.o(i.gizProtocolResendData)
    gizProtocolResendData                    0x08004715   Thumb Code    64  gizwits_protocol.o(i.gizProtocolResendData)
    i.gizProtocolSum                         0x08004790   Section        0  common.o(i.gizProtocolSum)
    i.gizProtocolWaitAck                     0x080047b8   Section        0  gizwits_protocol.o(i.gizProtocolWaitAck)
    gizProtocolWaitAck                       0x080047b9   Thumb Code    70  gizwits_protocol.o(i.gizProtocolWaitAck)
    i.gizProtocolWaitAckCheck                0x0800481c   Section        0  gizwits_protocol.o(i.gizProtocolWaitAckCheck)
    gizProtocolWaitAckCheck                  0x0800481d   Thumb Code    44  gizwits_protocol.o(i.gizProtocolWaitAckCheck)
    i.gizPutData                             0x08004864   Section        0  gizwits_protocol.o(i.gizPutData)
    i.gizReportData                          0x080048d8   Section        0  gizwits_protocol.o(i.gizReportData)
    gizReportData                            0x080048d9   Thumb Code   140  gizwits_protocol.o(i.gizReportData)
    i.gizStandardCompressValue               0x080049ac   Section        0  datapointtools.o(i.gizStandardCompressValue)
    i.gizStandardDecompressionValue          0x08004a2c   Section        0  datapointtools.o(i.gizStandardDecompressionValue)
    i.gizTimerMs                             0x08004af0   Section        0  gizwits_product.o(i.gizTimerMs)
    i.gizX2Y                                 0x08004b00   Section        0  datapointtools.o(i.gizX2Y)
    i.gizY2X                                 0x08004b0c   Section        0  datapointtools.o(i.gizY2X)
    i.gizwitsEventProcess                    0x08004b1c   Section        0  gizwits_product.o(i.gizwitsEventProcess)
    i.gizwitsHandle                          0x08004f80   Section        0  gizwits_protocol.o(i.gizwitsHandle)
    i.gizwitsInit                            0x080052a0   Section        0  gizwits_protocol.o(i.gizwitsInit)
    i.gizwitsSetMode                         0x08005304   Section        0  gizwits_protocol.o(i.gizwitsSetMode)
    i.main                                   0x08005564   Section        0  main.o(i.main)
    i.mcuRestart                             0x08005c54   Section        0  gizwits_product.o(i.mcuRestart)
    i.rbCanRead                              0x08005c84   Section        0  ringbuffer.o(i.rbCanRead)
    i.rbCanWrite                             0x08005cbc   Section        0  ringbuffer.o(i.rbCanWrite)
    i.rbCapacity                             0x08005cda   Section        0  ringbuffer.o(i.rbCapacity)
    i.rbCreate                               0x08005ce8   Section        0  ringbuffer.o(i.rbCreate)
    i.rbRead                                 0x08005cfe   Section        0  ringbuffer.o(i.rbRead)
    i.rbWrite                                0x08005da0   Section        0  ringbuffer.o(i.rbWrite)
    i.u1_printf                              0x08005e3c   Section        0  usart1.o(i.u1_printf)
    i.uartWrite                              0x08005e8c   Section        0  gizwits_product.o(i.uartWrite)
    i.userHandle                             0x08005f30   Section        0  gizwits_product.o(i.userHandle)
    i.userInit                               0x08006010   Section        0  gizwits_product.o(i.userInit)
    locale$$code                             0x08006094   Section       44  lc_ctype_c.o(locale$$code)
    locale$$code                             0x080060c0   Section       44  lc_numeric_c.o(locale$$code)
    x$fpl$printf1                            0x080060ec   Section        4  printf1.o(x$fpl$printf1)
    x$fpl$printf2                            0x080060f0   Section        4  printf2.o(x$fpl$printf2)
    .constdata                               0x080060f4   Section       17  __printf_flags_ss_wp.o(.constdata)
    x$fpl$usenofp                            0x080060f4   Section        0  usenofp.o(x$fpl$usenofp)
    maptable                                 0x080060f4   Data          17  __printf_flags_ss_wp.o(.constdata)
    .constdata                               0x08006108   Section        8  _printf_wctomb.o(.constdata)
    initial_mbstate                          0x08006108   Data           8  _printf_wctomb.o(.constdata)
    .constdata                               0x08006110   Section       40  _printf_hex_int_ll_ptr.o(.constdata)
    uc_hextab                                0x08006110   Data          20  _printf_hex_int_ll_ptr.o(.constdata)
    lc_hextab                                0x08006124   Data          20  _printf_hex_int_ll_ptr.o(.constdata)
    .constdata                               0x08006138   Section       38  _printf_fp_hex.o(.constdata)
    lc_hextab                                0x08006138   Data          19  _printf_fp_hex.o(.constdata)
    uc_hextab                                0x0800614b   Data          19  _printf_fp_hex.o(.constdata)
    .constdata                               0x08006160   Section      148  bigflt0.o(.constdata)
    tenpwrs_x                                0x08006160   Data          60  bigflt0.o(.constdata)
    tenpwrs_i                                0x0800619c   Data          64  bigflt0.o(.constdata)
    locale$$data                             0x08006214   Section      272  lc_ctype_c.o(locale$$data)
    __lcctype_c_name                         0x08006218   Data           2  lc_ctype_c.o(locale$$data)
    __lcctype_c_start                        0x08006220   Data           0  lc_ctype_c.o(locale$$data)
    locale$$data                             0x08006324   Section       28  lc_numeric_c.o(locale$$data)
    __lcctype_c_end                          0x08006324   Data           0  lc_ctype_c.o(locale$$data)
    __lcnum_c_name                           0x08006328   Data           2  lc_numeric_c.o(locale$$data)
    __lcnum_c_start                          0x08006330   Data           0  lc_numeric_c.o(locale$$data)
    __lcnum_c_point                          0x0800633c   Data           0  lc_numeric_c.o(locale$$data)
    __lcnum_c_thousands                      0x0800633e   Data           0  lc_numeric_c.o(locale$$data)
    __lcnum_c_grouping                       0x0800633f   Data           0  lc_numeric_c.o(locale$$data)
    __lcnum_c_end                            0x08006340   Data           0  lc_numeric_c.o(locale$$data)
    .data                                    0x20000000   Section       20  stm32f10x_rcc.o(.data)
    APBAHBPrescTable                         0x20000000   Data          16  stm32f10x_rcc.o(.data)
    ADCPrescTable                            0x20000010   Data           4  stm32f10x_rcc.o(.data)
    .data                                    0x20000014   Section        8  ad.o(.data)
    .data                                    0x2000001c   Section       12  keys.o(.data)
    setting_lock                             0x2000001c   Data           1  keys.o(.data)
    increase_lock                            0x2000001d   Data           1  keys.o(.data)
    decrease_lock                            0x2000001e   Data           1  keys.o(.data)
    mode_lock                                0x2000001f   Data           1  keys.o(.data)
    increase_press_time                      0x20000020   Data           4  keys.o(.data)
    decrease_press_time                      0x20000024   Data           4  keys.o(.data)
    .data                                    0x20000028   Section       19  main.o(.data)
    .data                                    0x2000003c   Section        4  gizwits_product.o(.data)
    timerMsCount                             0x2000003c   Data           4  gizwits_product.o(.data)
    .data                                    0x20000040   Section       16  gizwits_protocol.o(.data)
    lastReportTime                           0x20000040   Data           4  gizwits_protocol.o(.data)
    lastRepTime                              0x20000044   Data           4  gizwits_protocol.o(.data)
    protocolFlag                             0x20000048   Data           1  gizwits_protocol.o(.data)
    protocolCount                            0x2000004a   Data           2  gizwits_protocol.o(.data)
    lastData                                 0x2000004c   Data           1  gizwits_protocol.o(.data)
    debugCount                               0x2000004d   Data           1  gizwits_protocol.o(.data)
    lastStatus                               0x2000004e   Data           2  gizwits_protocol.o(.data)
    .bss                                     0x20000050   Section     2048  usart1.o(.bss)
    .bss                                     0x20000850   Section       55  gizwits_product.o(.bss)
    .bss                                     0x20000888   Section      690  gizwits_protocol.o(.bss)
    rbBuf                                    0x20000ab8   Data         130  gizwits_protocol.o(.bss)
    .bss                                     0x20000b3c   Section       96  libspace.o(.bss)
    HEAP                                     0x20000ba0   Section      512  startup_stm32f10x_md_vl.o(HEAP)
    Heap_Mem                                 0x20000ba0   Data         512  startup_stm32f10x_md_vl.o(HEAP)
    STACK                                    0x20000da0   Section     1024  startup_stm32f10x_md_vl.o(STACK)
    Stack_Mem                                0x20000da0   Data        1024  startup_stm32f10x_md_vl.o(STACK)
    __initial_sp                             0x200011a0   Data           0  startup_stm32f10x_md_vl.o(STACK)

    Global Symbols

    Symbol Name                              Value     Ov Type        Size  Object(Section)

    BuildAttributes$$THM_ISAv4$P$D$K$B$S$PE$A:L22UL41UL21$X:L11$S22US41US21$IEEE1$IW$USESV6$~STKCKD$USESV7$~SHL$OTIME$ROPI$IEEEJ$EBA8$UX$STANDARDLIB$REQ8$PRES8$EABIv2 0x00000000   Number         0  anon$$obj.o ABSOLUTE
    __ARM_use_no_argv                        0x00000000   Number         0  main.o ABSOLUTE
    _printf_flags                            0x00000000   Number         0  printf_stubs.o ABSOLUTE
    _printf_return_value                     0x00000000   Number         0  printf_stubs.o ABSOLUTE
    _printf_sizespec                         0x00000000   Number         0  printf_stubs.o ABSOLUTE
    _printf_widthprec                        0x00000000   Number         0  printf_stubs.o ABSOLUTE
    __ARM_exceptions_init                     - Undefined Weak Reference
    __alloca_initialize                       - Undefined Weak Reference
    __arm_preinit_                            - Undefined Weak Reference
    __cpp_initialize__aeabi_                  - Undefined Weak Reference
    __cxa_finalize                            - Undefined Weak Reference
    __sigvec_lookup                           - Undefined Weak Reference
    _atexit_init                              - Undefined Weak Reference
    _call_atexit_fns                          - Undefined Weak Reference
    _clock_init                               - Undefined Weak Reference
    _fp_trap_init                             - Undefined Weak Reference
    _fp_trap_shutdown                         - Undefined Weak Reference
    _get_lc_collate                           - Undefined Weak Reference
    _get_lc_monetary                          - Undefined Weak Reference
    _get_lc_time                              - Undefined Weak Reference
    _getenv_init                              - Undefined Weak Reference
    _handle_redirection                       - Undefined Weak Reference
    _init_alloc                               - Undefined Weak Reference
    _init_user_alloc                          - Undefined Weak Reference
    _initio                                   - Undefined Weak Reference
    _printf_mbtowc                            - Undefined Weak Reference
    _printf_wc                                - Undefined Weak Reference
    _rand_init                                - Undefined Weak Reference
    _signal_finish                            - Undefined Weak Reference
    _signal_init                              - Undefined Weak Reference
    _terminate_alloc                          - Undefined Weak Reference
    _terminate_user_alloc                     - Undefined Weak Reference
    _terminateio                              - Undefined Weak Reference
    __Vectors_Size                           0x00000120   Number         0  startup_stm32f10x_md_vl.o ABSOLUTE
    __Vectors                                0x08000000   Data           4  startup_stm32f10x_md_vl.o(RESET)
    __Vectors_End                            0x08000120   Data           0  startup_stm32f10x_md_vl.o(RESET)
    __main                                   0x08000121   Thumb Code     8  __main.o(!!!main)
    __scatterload                            0x08000129   Thumb Code     0  __scatter.o(!!!scatter)
    __scatterload_rt2                        0x08000129   Thumb Code    44  __scatter.o(!!!scatter)
    __scatterload_rt2_thumb_only             0x08000129   Thumb Code     0  __scatter.o(!!!scatter)
    __scatterload_null                       0x08000137   Thumb Code     0  __scatter.o(!!!scatter)
    __scatterload_copy                       0x0800015d   Thumb Code    26  __scatter_copy.o(!!handler_copy)
    __scatterload_zeroinit                   0x08000179   Thumb Code    28  __scatter_zi.o(!!handler_zi)
    _printf_n                                0x08000195   Thumb Code     0  _printf_n.o(.ARM.Collect$$_printf_percent$$00000001)
    _printf_percent                          0x08000195   Thumb Code     0  _printf_percent.o(.ARM.Collect$$_printf_percent$$00000000)
    _printf_p                                0x0800019b   Thumb Code     0  _printf_p.o(.ARM.Collect$$_printf_percent$$00000002)
    _printf_f                                0x080001a1   Thumb Code     0  _printf_f.o(.ARM.Collect$$_printf_percent$$00000003)
    _printf_e                                0x080001a7   Thumb Code     0  _printf_e.o(.ARM.Collect$$_printf_percent$$00000004)
    _printf_g                                0x080001ad   Thumb Code     0  _printf_g.o(.ARM.Collect$$_printf_percent$$00000005)
    _printf_a                                0x080001b3   Thumb Code     0  _printf_a.o(.ARM.Collect$$_printf_percent$$00000006)
    _printf_ll                               0x080001b9   Thumb Code     0  _printf_ll.o(.ARM.Collect$$_printf_percent$$00000007)
    _printf_i                                0x080001c3   Thumb Code     0  _printf_i.o(.ARM.Collect$$_printf_percent$$00000008)
    _printf_d                                0x080001c9   Thumb Code     0  _printf_d.o(.ARM.Collect$$_printf_percent$$00000009)
    _printf_u                                0x080001cf   Thumb Code     0  _printf_u.o(.ARM.Collect$$_printf_percent$$0000000A)
    _printf_o                                0x080001d5   Thumb Code     0  _printf_o.o(.ARM.Collect$$_printf_percent$$0000000B)
    _printf_x                                0x080001db   Thumb Code     0  _printf_x.o(.ARM.Collect$$_printf_percent$$0000000C)
    _printf_lli                              0x080001e1   Thumb Code     0  _printf_lli.o(.ARM.Collect$$_printf_percent$$0000000D)
    _printf_lld                              0x080001e7   Thumb Code     0  _printf_lld.o(.ARM.Collect$$_printf_percent$$0000000E)
    _printf_llu                              0x080001ed   Thumb Code     0  _printf_llu.o(.ARM.Collect$$_printf_percent$$0000000F)
    _printf_llo                              0x080001f3   Thumb Code     0  _printf_llo.o(.ARM.Collect$$_printf_percent$$00000010)
    _printf_llx                              0x080001f9   Thumb Code     0  _printf_llx.o(.ARM.Collect$$_printf_percent$$00000011)
    _printf_l                                0x080001ff   Thumb Code     0  _printf_l.o(.ARM.Collect$$_printf_percent$$00000012)
    _printf_c                                0x08000209   Thumb Code     0  _printf_c.o(.ARM.Collect$$_printf_percent$$00000013)
    _printf_s                                0x0800020f   Thumb Code     0  _printf_s.o(.ARM.Collect$$_printf_percent$$00000014)
    _printf_lc                               0x08000215   Thumb Code     0  _printf_lc.o(.ARM.Collect$$_printf_percent$$00000015)
    _printf_ls                               0x0800021b   Thumb Code     0  _printf_ls.o(.ARM.Collect$$_printf_percent$$00000016)
    _printf_percent_end                      0x08000221   Thumb Code     0  _printf_percent_end.o(.ARM.Collect$$_printf_percent$$00000017)
    __rt_lib_init                            0x08000225   Thumb Code     0  libinit.o(.ARM.Collect$$libinit$$00000000)
    __rt_lib_init_fp_1                       0x08000227   Thumb Code     0  libinit2.o(.ARM.Collect$$libinit$$00000002)
    __rt_lib_init_heap_1                     0x08000227   Thumb Code     0  libinit2.o(.ARM.Collect$$libinit$$0000000A)
    __rt_lib_init_lc_common                  0x08000227   Thumb Code     0  libinit2.o(.ARM.Collect$$libinit$$0000000F)
    __rt_lib_init_preinit_1                  0x08000227   Thumb Code     0  libinit2.o(.ARM.Collect$$libinit$$00000004)
    __rt_lib_init_rand_1                     0x08000227   Thumb Code     0  libinit2.o(.ARM.Collect$$libinit$$0000000E)
    __rt_lib_init_user_alloc_1               0x08000227   Thumb Code     0  libinit2.o(.ARM.Collect$$libinit$$0000000C)
    __rt_lib_init_lc_collate_1               0x0800022d   Thumb Code     0  libinit2.o(.ARM.Collect$$libinit$$00000011)
    __rt_lib_init_lc_ctype_2                 0x0800022d   Thumb Code     0  libinit2.o(.ARM.Collect$$libinit$$00000012)
    __rt_lib_init_lc_ctype_1                 0x08000239   Thumb Code     0  libinit2.o(.ARM.Collect$$libinit$$00000013)
    __rt_lib_init_lc_monetary_1              0x08000239   Thumb Code     0  libinit2.o(.ARM.Collect$$libinit$$00000015)
    __rt_lib_init_lc_numeric_2               0x08000239   Thumb Code     0  libinit2.o(.ARM.Collect$$libinit$$00000016)
    __rt_lib_init_alloca_1                   0x08000243   Thumb Code     0  libinit2.o(.ARM.Collect$$libinit$$0000002E)
    __rt_lib_init_argv_1                     0x08000243   Thumb Code     0  libinit2.o(.ARM.Collect$$libinit$$0000002C)
    __rt_lib_init_atexit_1                   0x08000243   Thumb Code     0  libinit2.o(.ARM.Collect$$libinit$$0000001B)
    __rt_lib_init_clock_1                    0x08000243   Thumb Code     0  libinit2.o(.ARM.Collect$$libinit$$00000021)
    __rt_lib_init_cpp_1                      0x08000243   Thumb Code     0  libinit2.o(.ARM.Collect$$libinit$$00000032)
    __rt_lib_init_exceptions_1               0x08000243   Thumb Code     0  libinit2.o(.ARM.Collect$$libinit$$00000030)
    __rt_lib_init_fp_trap_1                  0x08000243   Thumb Code     0  libinit2.o(.ARM.Collect$$libinit$$0000001F)
    __rt_lib_init_getenv_1                   0x08000243   Thumb Code     0  libinit2.o(.ARM.Collect$$libinit$$00000023)
    __rt_lib_init_lc_numeric_1               0x08000243   Thumb Code     0  libinit2.o(.ARM.Collect$$libinit$$00000017)
    __rt_lib_init_lc_time_1                  0x08000243   Thumb Code     0  libinit2.o(.ARM.Collect$$libinit$$00000019)
    __rt_lib_init_return                     0x08000243   Thumb Code     0  libinit2.o(.ARM.Collect$$libinit$$00000033)
    __rt_lib_init_signal_1                   0x08000243   Thumb Code     0  libinit2.o(.ARM.Collect$$libinit$$0000001D)
    __rt_lib_init_stdio_1                    0x08000243   Thumb Code     0  libinit2.o(.ARM.Collect$$libinit$$00000025)
    __rt_lib_shutdown                        0x08000245   Thumb Code     0  libshutdown.o(.ARM.Collect$$libshutdown$$00000000)
    __rt_lib_shutdown_cpp_1                  0x08000247   Thumb Code     0  libshutdown2.o(.ARM.Collect$$libshutdown$$00000002)
    __rt_lib_shutdown_fp_trap_1              0x08000247   Thumb Code     0  libshutdown2.o(.ARM.Collect$$libshutdown$$00000007)
    __rt_lib_shutdown_heap_1                 0x08000247   Thumb Code     0  libshutdown2.o(.ARM.Collect$$libshutdown$$0000000F)
    __rt_lib_shutdown_return                 0x08000247   Thumb Code     0  libshutdown2.o(.ARM.Collect$$libshutdown$$00000010)
    __rt_lib_shutdown_signal_1               0x08000247   Thumb Code     0  libshutdown2.o(.ARM.Collect$$libshutdown$$0000000A)
    __rt_lib_shutdown_stdio_1                0x08000247   Thumb Code     0  libshutdown2.o(.ARM.Collect$$libshutdown$$00000004)
    __rt_lib_shutdown_user_alloc_1           0x08000247   Thumb Code     0  libshutdown2.o(.ARM.Collect$$libshutdown$$0000000C)
    __rt_entry                               0x08000249   Thumb Code     0  __rtentry.o(.ARM.Collect$$rtentry$$00000000)
    __rt_entry_presh_1                       0x08000249   Thumb Code     0  __rtentry2.o(.ARM.Collect$$rtentry$$00000002)
    __rt_entry_sh                            0x08000249   Thumb Code     0  __rtentry4.o(.ARM.Collect$$rtentry$$00000004)
    __rt_entry_li                            0x0800024f   Thumb Code     0  __rtentry2.o(.ARM.Collect$$rtentry$$0000000A)
    __rt_entry_postsh_1                      0x0800024f   Thumb Code     0  __rtentry2.o(.ARM.Collect$$rtentry$$00000009)
    __rt_entry_main                          0x08000253   Thumb Code     0  __rtentry2.o(.ARM.Collect$$rtentry$$0000000D)
    __rt_entry_postli_1                      0x08000253   Thumb Code     0  __rtentry2.o(.ARM.Collect$$rtentry$$0000000C)
    __rt_exit                                0x0800025b   Thumb Code     0  rtexit.o(.ARM.Collect$$rtexit$$00000000)
    __rt_exit_ls                             0x0800025d   Thumb Code     0  rtexit2.o(.ARM.Collect$$rtexit$$00000003)
    __rt_exit_prels_1                        0x0800025d   Thumb Code     0  rtexit2.o(.ARM.Collect$$rtexit$$00000002)
    __rt_exit_exit                           0x08000261   Thumb Code     0  rtexit2.o(.ARM.Collect$$rtexit$$00000004)
    Reset_Handler                            0x08000269   Thumb Code     8  startup_stm32f10x_md_vl.o(.text)
    ADC1_IRQHandler                          0x08000283   Thumb Code     0  startup_stm32f10x_md_vl.o(.text)
    CEC_IRQHandler                           0x08000283   Thumb Code     0  startup_stm32f10x_md_vl.o(.text)
    DMA1_Channel1_IRQHandler                 0x08000283   Thumb Code     0  startup_stm32f10x_md_vl.o(.text)
    DMA1_Channel2_IRQHandler                 0x08000283   Thumb Code     0  startup_stm32f10x_md_vl.o(.text)
    DMA1_Channel3_IRQHandler                 0x08000283   Thumb Code     0  startup_stm32f10x_md_vl.o(.text)
    DMA1_Channel4_IRQHandler                 0x08000283   Thumb Code     0  startup_stm32f10x_md_vl.o(.text)
    DMA1_Channel5_IRQHandler                 0x08000283   Thumb Code     0  startup_stm32f10x_md_vl.o(.text)
    DMA1_Channel6_IRQHandler                 0x08000283   Thumb Code     0  startup_stm32f10x_md_vl.o(.text)
    DMA1_Channel7_IRQHandler                 0x08000283   Thumb Code     0  startup_stm32f10x_md_vl.o(.text)
    EXTI0_IRQHandler                         0x08000283   Thumb Code     0  startup_stm32f10x_md_vl.o(.text)
    EXTI15_10_IRQHandler                     0x08000283   Thumb Code     0  startup_stm32f10x_md_vl.o(.text)
    EXTI1_IRQHandler                         0x08000283   Thumb Code     0  startup_stm32f10x_md_vl.o(.text)
    EXTI2_IRQHandler                         0x08000283   Thumb Code     0  startup_stm32f10x_md_vl.o(.text)
    EXTI3_IRQHandler                         0x08000283   Thumb Code     0  startup_stm32f10x_md_vl.o(.text)
    EXTI4_IRQHandler                         0x08000283   Thumb Code     0  startup_stm32f10x_md_vl.o(.text)
    EXTI9_5_IRQHandler                       0x08000283   Thumb Code     0  startup_stm32f10x_md_vl.o(.text)
    FLASH_IRQHandler                         0x08000283   Thumb Code     0  startup_stm32f10x_md_vl.o(.text)
    I2C1_ER_IRQHandler                       0x08000283   Thumb Code     0  startup_stm32f10x_md_vl.o(.text)
    I2C1_EV_IRQHandler                       0x08000283   Thumb Code     0  startup_stm32f10x_md_vl.o(.text)
    I2C2_ER_IRQHandler                       0x08000283   Thumb Code     0  startup_stm32f10x_md_vl.o(.text)
    I2C2_EV_IRQHandler                       0x08000283   Thumb Code     0  startup_stm32f10x_md_vl.o(.text)
    PVD_IRQHandler                           0x08000283   Thumb Code     0  startup_stm32f10x_md_vl.o(.text)
    RCC_IRQHandler                           0x08000283   Thumb Code     0  startup_stm32f10x_md_vl.o(.text)
    RTCAlarm_IRQHandler                      0x08000283   Thumb Code     0  startup_stm32f10x_md_vl.o(.text)
    RTC_IRQHandler                           0x08000283   Thumb Code     0  startup_stm32f10x_md_vl.o(.text)
    SPI1_IRQHandler                          0x08000283   Thumb Code     0  startup_stm32f10x_md_vl.o(.text)
    SPI2_IRQHandler                          0x08000283   Thumb Code     0  startup_stm32f10x_md_vl.o(.text)
    TAMPER_IRQHandler                        0x08000283   Thumb Code     0  startup_stm32f10x_md_vl.o(.text)
    TIM1_BRK_TIM15_IRQHandler                0x08000283   Thumb Code     0  startup_stm32f10x_md_vl.o(.text)
    TIM1_CC_IRQHandler                       0x08000283   Thumb Code     0  startup_stm32f10x_md_vl.o(.text)
    TIM1_TRG_COM_TIM17_IRQHandler            0x08000283   Thumb Code     0  startup_stm32f10x_md_vl.o(.text)
    TIM1_UP_TIM16_IRQHandler                 0x08000283   Thumb Code     0  startup_stm32f10x_md_vl.o(.text)
    TIM2_IRQHandler                          0x08000283   Thumb Code     0  startup_stm32f10x_md_vl.o(.text)
    TIM3_IRQHandler                          0x08000283   Thumb Code     0  startup_stm32f10x_md_vl.o(.text)
    TIM6_DAC_IRQHandler                      0x08000283   Thumb Code     0  startup_stm32f10x_md_vl.o(.text)
    TIM7_IRQHandler                          0x08000283   Thumb Code     0  startup_stm32f10x_md_vl.o(.text)
    USART2_IRQHandler                        0x08000283   Thumb Code     0  startup_stm32f10x_md_vl.o(.text)
    USART3_IRQHandler                        0x08000283   Thumb Code     0  startup_stm32f10x_md_vl.o(.text)
    WWDG_IRQHandler                          0x08000283   Thumb Code     0  startup_stm32f10x_md_vl.o(.text)
    __user_initial_stackheap                 0x08000285   Thumb Code     0  startup_stm32f10x_md_vl.o(.text)
    vsprintf                                 0x080002a9   Thumb Code    32  vsprintf.o(.text)
    __2sprintf                               0x080002cd   Thumb Code    38  __2sprintf.o(.text)
    _printf_pre_padding                      0x080002f9   Thumb Code    44  _printf_pad.o(.text)
    _printf_post_padding                     0x08000325   Thumb Code    34  _printf_pad.o(.text)
    _printf_int_dec                          0x08000349   Thumb Code   104  _printf_dec.o(.text)
    __printf                                 0x080003c1   Thumb Code   388  __printf_flags_ss_wp.o(.text)
    strlen                                   0x08000549   Thumb Code    62  strlen.o(.text)
    __aeabi_memcpy                           0x08000587   Thumb Code     0  rt_memcpy_v6.o(.text)
    __rt_memcpy                              0x08000587   Thumb Code   138  rt_memcpy_v6.o(.text)
    _memcpy_lastbytes                        0x080005ed   Thumb Code     0  rt_memcpy_v6.o(.text)
    __aeabi_memcpy4                          0x08000611   Thumb Code     0  rt_memcpy_w.o(.text)
    __aeabi_memcpy8                          0x08000611   Thumb Code     0  rt_memcpy_w.o(.text)
    __rt_memcpy_w                            0x08000611   Thumb Code   100  rt_memcpy_w.o(.text)
    _memcpy_lastbytes_aligned                0x08000659   Thumb Code     0  rt_memcpy_w.o(.text)
    __aeabi_memclr                           0x08000675   Thumb Code     0  rt_memclr.o(.text)
    __rt_memclr                              0x08000675   Thumb Code    68  rt_memclr.o(.text)
    _memset                                  0x08000679   Thumb Code     0  rt_memclr.o(.text)
    __aeabi_memclr4                          0x080006b9   Thumb Code     0  rt_memclr_w.o(.text)
    __aeabi_memclr8                          0x080006b9   Thumb Code     0  rt_memclr_w.o(.text)
    __rt_memclr_w                            0x080006b9   Thumb Code    78  rt_memclr_w.o(.text)
    _memset_w                                0x080006bd   Thumb Code     0  rt_memclr_w.o(.text)
    __use_two_region_memory                  0x08000707   Thumb Code     2  heapauxi.o(.text)
    __rt_heap_escrow$2region                 0x08000709   Thumb Code     2  heapauxi.o(.text)
    __rt_heap_expand$2region                 0x0800070b   Thumb Code     2  heapauxi.o(.text)
    __rt_ctype_table                         0x0800070d   Thumb Code    16  rt_ctype_table.o(.text)
    _printf_truncate_signed                  0x0800071d   Thumb Code    18  _printf_truncate.o(.text)
    _printf_truncate_unsigned                0x0800072f   Thumb Code    18  _printf_truncate.o(.text)
    _printf_str                              0x08000741   Thumb Code    82  _printf_str.o(.text)
    _printf_int_common                       0x08000793   Thumb Code   178  _printf_intcommon.o(.text)
    _printf_charcount                        0x08000845   Thumb Code    40  _printf_charcount.o(.text)
    _printf_char_common                      0x08000877   Thumb Code    32  _printf_char_common.o(.text)
    _sputc                                   0x0800089d   Thumb Code    10  _sputc.o(.text)
    _printf_wctomb                           0x080008a9   Thumb Code   182  _printf_wctomb.o(.text)
    _printf_longlong_dec                     0x08000965   Thumb Code   108  _printf_longlong_dec.o(.text)
    _printf_longlong_oct                     0x080009e1   Thumb Code    66  _printf_oct_int_ll.o(.text)
    _printf_int_oct                          0x08000a23   Thumb Code    24  _printf_oct_int_ll.o(.text)
    _printf_ll_oct                           0x08000a3b   Thumb Code    12  _printf_oct_int_ll.o(.text)
    _printf_longlong_hex                     0x08000a51   Thumb Code    86  _printf_hex_int_ll_ptr.o(.text)
    _printf_int_hex                          0x08000aa7   Thumb Code    28  _printf_hex_int_ll_ptr.o(.text)
    _printf_ll_hex                           0x08000ac3   Thumb Code    12  _printf_hex_int_ll_ptr.o(.text)
    _printf_hex_ptr                          0x08000acf   Thumb Code    18  _printf_hex_int_ll_ptr.o(.text)
    __rt_locale                              0x08000ae5   Thumb Code     8  rt_locale_intlibspace.o(.text)
    _ll_udiv10                               0x08000aed   Thumb Code   138  lludiv10.o(.text)
    __lib_sel_fp_printf                      0x08000b77   Thumb Code     2  _printf_fp_dec.o(.text)
    _printf_fp_dec_real                      0x08000d29   Thumb Code   620  _printf_fp_dec.o(.text)
    _printf_fp_hex_real                      0x08000f95   Thumb Code   756  _printf_fp_hex.o(.text)
    _printf_cs_common                        0x08001291   Thumb Code    20  _printf_char.o(.text)
    _printf_char                             0x080012a5   Thumb Code    16  _printf_char.o(.text)
    _printf_string                           0x080012b5   Thumb Code     8  _printf_char.o(.text)
    _printf_lcs_common                       0x080012bd   Thumb Code    20  _printf_wchar.o(.text)
    _printf_wchar                            0x080012d1   Thumb Code    16  _printf_wchar.o(.text)
    _printf_wstring                          0x080012e1   Thumb Code     8  _printf_wchar.o(.text)
    _wcrtomb                                 0x080012e9   Thumb Code    64  _wcrtomb.o(.text)
    __user_libspace                          0x08001329   Thumb Code     8  libspace.o(.text)
    __user_perproc_libspace                  0x08001329   Thumb Code     0  libspace.o(.text)
    __user_perthread_libspace                0x08001329   Thumb Code     0  libspace.o(.text)
    __user_setup_stackheap                   0x08001331   Thumb Code    74  sys_stackheap_outer.o(.text)
    _printf_fp_infnan                        0x0800137d   Thumb Code   112  _printf_fp_infnan.o(.text)
    _btod_etento                             0x080013fd   Thumb Code   224  bigflt0.o(.text)
    exit                                     0x080014e1   Thumb Code    18  exit.o(.text)
    strcmp                                   0x080014f5   Thumb Code   128  strcmpv7m.o(.text)
    _sys_exit                                0x08001575   Thumb Code     8  sys_exit.o(.text)
    __I$use$semihosting                      0x08001581   Thumb Code     0  use_no_semi.o(.text)
    __use_no_semihosting_swi                 0x08001581   Thumb Code     2  use_no_semi.o(.text)
    __semihosting_library_function           0x08001583   Thumb Code     0  indicate_semi.o(.text)
    _btod_d2e                                0x08001583   Thumb Code    62  btod.o(CL$$btod_d2e)
    _d2e_denorm_low                          0x080015c1   Thumb Code    70  btod.o(CL$$btod_d2e_denorm_low)
    _d2e_norm_op1                            0x08001607   Thumb Code    96  btod.o(CL$$btod_d2e_norm_op1)
    __btod_div_common                        0x08001667   Thumb Code   696  btod.o(CL$$btod_div_common)
    _e2e                                     0x0800199f   Thumb Code   220  btod.o(CL$$btod_e2e)
    _btod_ediv                               0x08001a7b   Thumb Code    42  btod.o(CL$$btod_ediv)
    _btod_emul                               0x08001aa5   Thumb Code    42  btod.o(CL$$btod_emul)
    __btod_mult_common                       0x08001acf   Thumb Code   580  btod.o(CL$$btod_mult_common)
    ADC_Cmd                                  0x08001d13   Thumb Code    22  stm32f10x_adc.o(i.ADC_Cmd)
    ADC_DMACmd                               0x08001d29   Thumb Code    22  stm32f10x_adc.o(i.ADC_DMACmd)
    ADC_GetCalibrationStatus                 0x08001d3f   Thumb Code    20  stm32f10x_adc.o(i.ADC_GetCalibrationStatus)
    ADC_GetResetCalibrationStatus            0x08001d53   Thumb Code    20  stm32f10x_adc.o(i.ADC_GetResetCalibrationStatus)
    ADC_Init                                 0x08001d69   Thumb Code    70  stm32f10x_adc.o(i.ADC_Init)
    ADC_RegularChannelConfig                 0x08001db9   Thumb Code   184  stm32f10x_adc.o(i.ADC_RegularChannelConfig)
    ADC_ResetCalibration                     0x08001e71   Thumb Code    10  stm32f10x_adc.o(i.ADC_ResetCalibration)
    ADC_SoftwareStartConvCmd                 0x08001e7b   Thumb Code    22  stm32f10x_adc.o(i.ADC_SoftwareStartConvCmd)
    ADC_StartCalibration                     0x08001e91   Thumb Code    10  stm32f10x_adc.o(i.ADC_StartCalibration)
    AD_Init                                  0x08001e9d   Thumb Code   250  ad.o(i.AD_Init)
    BusFault_Handler                         0x08001fa9   Thumb Code     4  stm32f10x_it.o(i.BusFault_Handler)
    DHT11_Check                              0x08001fad   Thumb Code    88  dht11.o(i.DHT11_Check)
    DHT11_Init                               0x08002009   Thumb Code    58  dht11.o(i.DHT11_Init)
    DHT11_Mode                               0x08002049   Thumb Code    52  dht11.o(i.DHT11_Mode)
    DHT11_Read_Bit                           0x08002081   Thumb Code    88  dht11.o(i.DHT11_Read_Bit)
    DHT11_Read_Byte                          0x080020dd   Thumb Code    30  dht11.o(i.DHT11_Read_Byte)
    DHT11_Read_Data                          0x080020fb   Thumb Code    88  dht11.o(i.DHT11_Read_Data)
    DHT11_Rst                                0x08002155   Thumb Code    42  dht11.o(i.DHT11_Rst)
    DMA_Cmd                                  0x08002185   Thumb Code    24  stm32f10x_dma.o(i.DMA_Cmd)
    DMA_Init                                 0x0800219d   Thumb Code    60  stm32f10x_dma.o(i.DMA_Init)
    DebugMon_Handler                         0x080021d9   Thumb Code     2  stm32f10x_it.o(i.DebugMon_Handler)
    GPIO_Init                                0x08002225   Thumb Code   278  stm32f10x_gpio.o(i.GPIO_Init)
    GPIO_ReadInputDataBit                    0x0800233b   Thumb Code    18  stm32f10x_gpio.o(i.GPIO_ReadInputDataBit)
    GPIO_ReadOutputData                      0x0800234d   Thumb Code     8  stm32f10x_gpio.o(i.GPIO_ReadOutputData)
    GPIO_ResetBits                           0x08002355   Thumb Code     4  stm32f10x_gpio.o(i.GPIO_ResetBits)
    GPIO_SetBits                             0x08002359   Thumb Code     4  stm32f10x_gpio.o(i.GPIO_SetBits)
    GPIO_Write                               0x0800235d   Thumb Code     4  stm32f10x_gpio.o(i.GPIO_Write)
    GPIO_WriteBit                            0x08002361   Thumb Code    10  stm32f10x_gpio.o(i.GPIO_WriteBit)
    HardFault_Handler                        0x0800236b   Thumb Code     4  stm32f10x_it.o(i.HardFault_Handler)
    Init_Component_IO                        0x08002371   Thumb Code   122  main.o(i.Init_Component_IO)
    Key_Init                                 0x080023f5   Thumb Code    40  keys.o(i.Key_Init)
    Key_Scan                                 0x08002421   Thumb Code   324  keys.o(i.Key_Scan)
    LCD_Clear                                0x08002581   Thumb Code    16  lcd1602.o(i.LCD_Clear)
    LCD_Init                                 0x08002591   Thumb Code    44  lcd1602.o(i.LCD_Init)
    LCD_PrintString                          0x080025bd   Thumb Code    42  lcd1602.o(i.LCD_PrintString)
    LCD_SetCursor                            0x080025e7   Thumb Code    44  lcd1602.o(i.LCD_SetCursor)
    LCD_WriteCommand                         0x08002615   Thumb Code    88  lcd1602.o(i.LCD_WriteCommand)
    LCD_WriteData                            0x08002675   Thumb Code    88  lcd1602.o(i.LCD_WriteData)
    MemManage_Handler                        0x080026d5   Thumb Code     4  stm32f10x_it.o(i.MemManage_Handler)
    NMI_Handler                              0x080026d9   Thumb Code     2  stm32f10x_it.o(i.NMI_Handler)
    NVIC_Init                                0x080026dd   Thumb Code   100  misc.o(i.NVIC_Init)
    NVIC_PriorityGroupConfig                 0x0800274d   Thumb Code    10  misc.o(i.NVIC_PriorityGroupConfig)
    PendSV_Handler                           0x08002761   Thumb Code     2  stm32f10x_it.o(i.PendSV_Handler)
    RCC_ADCCLKConfig                         0x08002765   Thumb Code    18  stm32f10x_rcc.o(i.RCC_ADCCLKConfig)
    RCC_AHBPeriphClockCmd                    0x0800277d   Thumb Code    26  stm32f10x_rcc.o(i.RCC_AHBPeriphClockCmd)
    RCC_APB1PeriphClockCmd                   0x0800279d   Thumb Code    26  stm32f10x_rcc.o(i.RCC_APB1PeriphClockCmd)
    RCC_APB1PeriphResetCmd                   0x080027bd   Thumb Code    26  stm32f10x_rcc.o(i.RCC_APB1PeriphResetCmd)
    RCC_APB2PeriphClockCmd                   0x080027dd   Thumb Code    26  stm32f10x_rcc.o(i.RCC_APB2PeriphClockCmd)
    RCC_APB2PeriphResetCmd                   0x080027fd   Thumb Code    26  stm32f10x_rcc.o(i.RCC_APB2PeriphResetCmd)
    RCC_GetClocksFreq                        0x0800281d   Thumb Code   192  stm32f10x_rcc.o(i.RCC_GetClocksFreq)
    ReverseByte                              0x080028f1   Thumb Code    40  lcd1602.o(i.ReverseByte)
    SVC_Handler                              0x08002919   Thumb Code     2  stm32f10x_it.o(i.SVC_Handler)
    SysTick_Handler                          0x08002a05   Thumb Code     2  stm32f10x_it.o(i.SysTick_Handler)
    SystemInit                               0x08002a09   Thumb Code    78  system_stm32f10x.o(i.SystemInit)
    TIM4_IRQHandler                          0x08002a69   Thumb Code    26  stm32f10x_it.o(i.TIM4_IRQHandler)
    TIM4_Init                                0x08002a89   Thumb Code   106  timer4.o(i.TIM4_Init)
    TIM_ClearITPendingBit                    0x08002af9   Thumb Code     6  stm32f10x_tim.o(i.TIM_ClearITPendingBit)
    TIM_Cmd                                  0x08002aff   Thumb Code    24  stm32f10x_tim.o(i.TIM_Cmd)
    TIM_GetITStatus                          0x08002b17   Thumb Code    34  stm32f10x_tim.o(i.TIM_GetITStatus)
    TIM_ITConfig                             0x08002b39   Thumb Code    18  stm32f10x_tim.o(i.TIM_ITConfig)
    TIM_TimeBaseInit                         0x08002b4d   Thumb Code   122  stm32f10x_tim.o(i.TIM_TimeBaseInit)
    USART1_IRQHandler                        0x08002bf1   Thumb Code    48  stm32f10x_it.o(i.USART1_IRQHandler)
    USART_ClearFlag                          0x08002c25   Thumb Code    18  stm32f10x_usart.o(i.USART_ClearFlag)
    USART_ClearITPendingBit                  0x08002c37   Thumb Code    30  stm32f10x_usart.o(i.USART_ClearITPendingBit)
    USART_Cmd                                0x08002c55   Thumb Code    24  stm32f10x_usart.o(i.USART_Cmd)
    USART_DeInit                             0x08002c6d   Thumb Code   134  stm32f10x_usart.o(i.USART_DeInit)
    USART_GetFlagStatus                      0x08002d09   Thumb Code    26  stm32f10x_usart.o(i.USART_GetFlagStatus)
    USART_GetITStatus                        0x08002d23   Thumb Code    84  stm32f10x_usart.o(i.USART_GetITStatus)
    USART_ITConfig                           0x08002d77   Thumb Code    74  stm32f10x_usart.o(i.USART_ITConfig)
    USART_Init                               0x08002dc1   Thumb Code   210  stm32f10x_usart.o(i.USART_Init)
    USART_ReceiveData                        0x08002e99   Thumb Code    10  stm32f10x_usart.o(i.USART_ReceiveData)
    USART_SendData                           0x08002ea3   Thumb Code     8  stm32f10x_usart.o(i.USART_SendData)
    UsageFault_Handler                       0x08002eab   Thumb Code     4  stm32f10x_it.o(i.UsageFault_Handler)
    Usart1_Init                              0x08002eb1   Thumb Code   150  usart1.o(i.Usart1_Init)
    Usart3_Init                              0x08002f51   Thumb Code   178  usart3.o(i.Usart3_Init)
    __ARM_fpclassify                         0x0800300d   Thumb Code    40  fpclassify.o(i.__ARM_fpclassify)
    _is_digit                                0x08003035   Thumb Code    14  __printf_wp.o(i._is_digit)
    delay_ms                                 0x08003043   Thumb Code    24  delay.o(i.delay_ms)
    delay_us                                 0x08003073   Thumb Code    46  delay.o(i.delay_us)
    exchangeBytes                            0x080030c1   Thumb Code    26  common.o(i.exchangeBytes)
    exchangeWord                             0x080030db   Thumb Code    26  common.o(i.exchangeWord)
    gizAcrossByteJudge                       0x080030f5   Thumb Code    42  datapointtools.o(i.gizAcrossByteJudge)
    gizByteOrderExchange                     0x0800311f   Thumb Code    50  datapointtools.o(i.gizByteOrderExchange)
    gizGetTimerCount                         0x0800391d   Thumb Code     6  gizwits_product.o(i.gizGetTimerCount)
    gizProtocolSum                           0x08004791   Thumb Code    38  common.o(i.gizProtocolSum)
    gizPutData                               0x08004865   Thumb Code    52  gizwits_protocol.o(i.gizPutData)
    gizStandardCompressValue                 0x080049ad   Thumb Code   128  datapointtools.o(i.gizStandardCompressValue)
    gizStandardDecompressionValue            0x08004a2d   Thumb Code   194  datapointtools.o(i.gizStandardDecompressionValue)
    gizTimerMs                               0x08004af1   Thumb Code    12  gizwits_product.o(i.gizTimerMs)
    gizX2Y                                   0x08004b01   Thumb Code    12  datapointtools.o(i.gizX2Y)
    gizY2X                                   0x08004b0d   Thumb Code    14  datapointtools.o(i.gizY2X)
    gizwitsEventProcess                      0x08004b1d   Thumb Code   652  gizwits_product.o(i.gizwitsEventProcess)
    gizwitsHandle                            0x08004f81   Thumb Code   548  gizwits_protocol.o(i.gizwitsHandle)
    gizwitsInit                              0x080052a1   Thumb Code    46  gizwits_protocol.o(i.gizwitsInit)
    gizwitsSetMode                           0x08005305   Thumb Code   552  gizwits_protocol.o(i.gizwitsSetMode)
    main                                     0x08005565   Thumb Code  1700  main.o(i.main)
    mcuRestart                               0x08005c55   Thumb Code    38  gizwits_product.o(i.mcuRestart)
    rbCanRead                                0x08005c85   Thumb Code    56  ringbuffer.o(i.rbCanRead)
    rbCanWrite                               0x08005cbd   Thumb Code    30  ringbuffer.o(i.rbCanWrite)
    rbCapacity                               0x08005cdb   Thumb Code    14  ringbuffer.o(i.rbCapacity)
    rbCreate                                 0x08005ce9   Thumb Code    22  ringbuffer.o(i.rbCreate)
    rbRead                                   0x08005cff   Thumb Code   162  ringbuffer.o(i.rbRead)
    rbWrite                                  0x08005da1   Thumb Code   154  ringbuffer.o(i.rbWrite)
    u1_printf                                0x08005e3d   Thumb Code    72  usart1.o(i.u1_printf)
    uartWrite                                0x08005e8d   Thumb Code   126  gizwits_product.o(i.uartWrite)
    userHandle                               0x08005f31   Thumb Code   156  gizwits_product.o(i.userHandle)
    userInit                                 0x08006011   Thumb Code    96  gizwits_product.o(i.userInit)
    _get_lc_ctype                            0x08006095   Thumb Code    44  lc_ctype_c.o(locale$$code)
    _get_lc_numeric                          0x080060c1   Thumb Code    44  lc_numeric_c.o(locale$$code)
    _printf_fp_dec                           0x080060ed   Thumb Code     4  printf1.o(x$fpl$printf1)
    _printf_fp_hex                           0x080060f1   Thumb Code     4  printf2.o(x$fpl$printf2)
    __I$use$fp                               0x080060f4   Number         0  usenofp.o(x$fpl$usenofp)
    Region$$Table$$Base                      0x080061f4   Number         0  anon$$obj.o(Region$$Table)
    Region$$Table$$Limit                     0x08006214   Number         0  anon$$obj.o(Region$$Table)
    __ctype                                  0x08006221   Data           0  lc_ctype_c.o(locale$$data)
    AD_Value                                 0x20000014   Data           8  ad.o(.data)
    g_temp                                   0x20000028   Data           1  main.o(.data)
    g_humi                                   0x20000029   Data           1  main.o(.data)
    g_SoilHumi                               0x2000002a   Data           1  main.o(.data)
    g_Light                                  0x2000002b   Data           1  main.o(.data)
    g_SPK                                    0x2000002c   Data           1  main.o(.data)
    g_JD                                     0x2000002d   Data           1  main.o(.data)
    g_LED                                    0x2000002e   Data           1  main.o(.data)
    g_temp_HT                                0x2000002f   Data           1  main.o(.data)
    g_temp_LT                                0x20000030   Data           1  main.o(.data)
    g_humi_HT                                0x20000031   Data           1  main.o(.data)
    g_humi_LT                                0x20000032   Data           1  main.o(.data)
    g_SoilHumi_HT                            0x20000033   Data           1  main.o(.data)
    g_SoilHumi_LT                            0x20000034   Data           1  main.o(.data)
    g_Light_HT                               0x20000035   Data           1  main.o(.data)
    g_Light_LT                               0x20000036   Data           1  main.o(.data)
    Warning_flag                             0x20000037   Data           1  main.o(.data)
    currentMode                              0x20000038   Data           1  main.o(.data)
    workMode                                 0x20000039   Data           1  main.o(.data)
    blink_flag                               0x2000003a   Data           1  main.o(.data)
    Usart1_RxBuff                            0x20000050   Data        1024  usart1.o(.bss)
    USART1_TxBuff                            0x20000450   Data        1024  usart1.o(.bss)
    currentDataPoint                         0x20000850   Data          55  gizwits_product.o(.bss)
    gizwitsProtocol                          0x20000888   Data         544  gizwits_protocol.o(.bss)
    pRb                                      0x20000aa8   Data          16  gizwits_protocol.o(.bss)
    __libspace_start                         0x20000b3c   Data          96  libspace.o(.bss)
    __temporary_stack_top$libspace           0x20000b9c   Data           0  libspace.o(.bss)



==============================================================================

Memory Map of the image

  Image Entry point : 0x08000121

  Load Region LR_IROM1 (Base: 0x08000000, Size: 0x00006390, Max: 0x00010000, ABSOLUTE)

    Execution Region ER_IROM1 (Exec base: 0x08000000, Load base: 0x08000000, Size: 0x00006340, Max: 0x00010000, ABSOLUTE)

    Exec Addr    Load Addr    Size         Type   Attr      Idx    E Section Name        Object

    0x08000000   0x08000000   0x00000120   Data   RO           19    RESET               startup_stm32f10x_md_vl.o
    0x08000120   0x08000120   0x00000008   Code   RO         4337  * !!!main             c_w.l(__main.o)
    0x08000128   0x08000128   0x00000034   Code   RO         4665    !!!scatter          c_w.l(__scatter.o)
    0x0800015c   0x0800015c   0x0000001a   Code   RO         4667    !!handler_copy      c_w.l(__scatter_copy.o)
    0x08000176   0x08000176   0x00000002   PAD
    0x08000178   0x08000178   0x0000001c   Code   RO         4669    !!handler_zi        c_w.l(__scatter_zi.o)
    0x08000194   0x08000194   0x00000000   Code   RO         4319    .ARM.Collect$$_printf_percent$$00000000  c_w.l(_printf_percent.o)
    0x08000194   0x08000194   0x00000006   Code   RO         4412    .ARM.Collect$$_printf_percent$$00000001  c_w.l(_printf_n.o)
    0x0800019a   0x0800019a   0x00000006   Code   RO         4414    .ARM.Collect$$_printf_percent$$00000002  c_w.l(_printf_p.o)
    0x080001a0   0x080001a0   0x00000006   Code   RO         4418    .ARM.Collect$$_printf_percent$$00000003  c_w.l(_printf_f.o)
    0x080001a6   0x080001a6   0x00000006   Code   RO         4419    .ARM.Collect$$_printf_percent$$00000004  c_w.l(_printf_e.o)
    0x080001ac   0x080001ac   0x00000006   Code   RO         4420    .ARM.Collect$$_printf_percent$$00000005  c_w.l(_printf_g.o)
    0x080001b2   0x080001b2   0x00000006   Code   RO         4421    .ARM.Collect$$_printf_percent$$00000006  c_w.l(_printf_a.o)
    0x080001b8   0x080001b8   0x0000000a   Code   RO         4426    .ARM.Collect$$_printf_percent$$00000007  c_w.l(_printf_ll.o)
    0x080001c2   0x080001c2   0x00000006   Code   RO         4416    .ARM.Collect$$_printf_percent$$00000008  c_w.l(_printf_i.o)
    0x080001c8   0x080001c8   0x00000006   Code   RO         4318    .ARM.Collect$$_printf_percent$$00000009  c_w.l(_printf_d.o)
    0x080001ce   0x080001ce   0x00000006   Code   RO         4417    .ARM.Collect$$_printf_percent$$0000000A  c_w.l(_printf_u.o)
    0x080001d4   0x080001d4   0x00000006   Code   RO         4415    .ARM.Collect$$_printf_percent$$0000000B  c_w.l(_printf_o.o)
    0x080001da   0x080001da   0x00000006   Code   RO         4413    .ARM.Collect$$_printf_percent$$0000000C  c_w.l(_printf_x.o)
    0x080001e0   0x080001e0   0x00000006   Code   RO         4423    .ARM.Collect$$_printf_percent$$0000000D  c_w.l(_printf_lli.o)
    0x080001e6   0x080001e6   0x00000006   Code   RO         4424    .ARM.Collect$$_printf_percent$$0000000E  c_w.l(_printf_lld.o)
    0x080001ec   0x080001ec   0x00000006   Code   RO         4425    .ARM.Collect$$_printf_percent$$0000000F  c_w.l(_printf_llu.o)
    0x080001f2   0x080001f2   0x00000006   Code   RO         4430    .ARM.Collect$$_printf_percent$$00000010  c_w.l(_printf_llo.o)
    0x080001f8   0x080001f8   0x00000006   Code   RO         4431    .ARM.Collect$$_printf_percent$$00000011  c_w.l(_printf_llx.o)
    0x080001fe   0x080001fe   0x0000000a   Code   RO         4427    .ARM.Collect$$_printf_percent$$00000012  c_w.l(_printf_l.o)
    0x08000208   0x08000208   0x00000006   Code   RO         4410    .ARM.Collect$$_printf_percent$$00000013  c_w.l(_printf_c.o)
    0x0800020e   0x0800020e   0x00000006   Code   RO         4411    .ARM.Collect$$_printf_percent$$00000014  c_w.l(_printf_s.o)
    0x08000214   0x08000214   0x00000006   Code   RO         4428    .ARM.Collect$$_printf_percent$$00000015  c_w.l(_printf_lc.o)
    0x0800021a   0x0800021a   0x00000006   Code   RO         4429    .ARM.Collect$$_printf_percent$$00000016  c_w.l(_printf_ls.o)
    0x08000220   0x08000220   0x00000004   Code   RO         4422    .ARM.Collect$$_printf_percent$$00000017  c_w.l(_printf_percent_end.o)
    0x08000224   0x08000224   0x00000002   Code   RO         4534    .ARM.Collect$$libinit$$00000000  c_w.l(libinit.o)
    0x08000226   0x08000226   0x00000000   Code   RO         4536    .ARM.Collect$$libinit$$00000002  c_w.l(libinit2.o)
    0x08000226   0x08000226   0x00000000   Code   RO         4538    .ARM.Collect$$libinit$$00000004  c_w.l(libinit2.o)
    0x08000226   0x08000226   0x00000000   Code   RO         4541    .ARM.Collect$$libinit$$0000000A  c_w.l(libinit2.o)
    0x08000226   0x08000226   0x00000000   Code   RO         4543    .ARM.Collect$$libinit$$0000000C  c_w.l(libinit2.o)
    0x08000226   0x08000226   0x00000000   Code   RO         4545    .ARM.Collect$$libinit$$0000000E  c_w.l(libinit2.o)
    0x08000226   0x08000226   0x00000006   Code   RO         4546    .ARM.Collect$$libinit$$0000000F  c_w.l(libinit2.o)
    0x0800022c   0x0800022c   0x00000000   Code   RO         4548    .ARM.Collect$$libinit$$00000011  c_w.l(libinit2.o)
    0x0800022c   0x0800022c   0x0000000c   Code   RO         4549    .ARM.Collect$$libinit$$00000012  c_w.l(libinit2.o)
    0x08000238   0x08000238   0x00000000   Code   RO         4550    .ARM.Collect$$libinit$$00000013  c_w.l(libinit2.o)
    0x08000238   0x08000238   0x00000000   Code   RO         4552    .ARM.Collect$$libinit$$00000015  c_w.l(libinit2.o)
    0x08000238   0x08000238   0x0000000a   Code   RO         4553    .ARM.Collect$$libinit$$00000016  c_w.l(libinit2.o)
    0x08000242   0x08000242   0x00000000   Code   RO         4554    .ARM.Collect$$libinit$$00000017  c_w.l(libinit2.o)
    0x08000242   0x08000242   0x00000000   Code   RO         4556    .ARM.Collect$$libinit$$00000019  c_w.l(libinit2.o)
    0x08000242   0x08000242   0x00000000   Code   RO         4558    .ARM.Collect$$libinit$$0000001B  c_w.l(libinit2.o)
    0x08000242   0x08000242   0x00000000   Code   RO         4560    .ARM.Collect$$libinit$$0000001D  c_w.l(libinit2.o)
    0x08000242   0x08000242   0x00000000   Code   RO         4562    .ARM.Collect$$libinit$$0000001F  c_w.l(libinit2.o)
    0x08000242   0x08000242   0x00000000   Code   RO         4564    .ARM.Collect$$libinit$$00000021  c_w.l(libinit2.o)
    0x08000242   0x08000242   0x00000000   Code   RO         4566    .ARM.Collect$$libinit$$00000023  c_w.l(libinit2.o)
    0x08000242   0x08000242   0x00000000   Code   RO         4568    .ARM.Collect$$libinit$$00000025  c_w.l(libinit2.o)
    0x08000242   0x08000242   0x00000000   Code   RO         4572    .ARM.Collect$$libinit$$0000002C  c_w.l(libinit2.o)
    0x08000242   0x08000242   0x00000000   Code   RO         4574    .ARM.Collect$$libinit$$0000002E  c_w.l(libinit2.o)
    0x08000242   0x08000242   0x00000000   Code   RO         4576    .ARM.Collect$$libinit$$00000030  c_w.l(libinit2.o)
    0x08000242   0x08000242   0x00000000   Code   RO         4578    .ARM.Collect$$libinit$$00000032  c_w.l(libinit2.o)
    0x08000242   0x08000242   0x00000002   Code   RO         4579    .ARM.Collect$$libinit$$00000033  c_w.l(libinit2.o)
    0x08000244   0x08000244   0x00000002   Code   RO         4613    .ARM.Collect$$libshutdown$$00000000  c_w.l(libshutdown.o)
    0x08000246   0x08000246   0x00000000   Code   RO         4624    .ARM.Collect$$libshutdown$$00000002  c_w.l(libshutdown2.o)
    0x08000246   0x08000246   0x00000000   Code   RO         4626    .ARM.Collect$$libshutdown$$00000004  c_w.l(libshutdown2.o)
    0x08000246   0x08000246   0x00000000   Code   RO         4629    .ARM.Collect$$libshutdown$$00000007  c_w.l(libshutdown2.o)
    0x08000246   0x08000246   0x00000000   Code   RO         4632    .ARM.Collect$$libshutdown$$0000000A  c_w.l(libshutdown2.o)
    0x08000246   0x08000246   0x00000000   Code   RO         4634    .ARM.Collect$$libshutdown$$0000000C  c_w.l(libshutdown2.o)
    0x08000246   0x08000246   0x00000000   Code   RO         4637    .ARM.Collect$$libshutdown$$0000000F  c_w.l(libshutdown2.o)
    0x08000246   0x08000246   0x00000002   Code   RO         4638    .ARM.Collect$$libshutdown$$00000010  c_w.l(libshutdown2.o)
    0x08000248   0x08000248   0x00000000   Code   RO         4363    .ARM.Collect$$rtentry$$00000000  c_w.l(__rtentry.o)
    0x08000248   0x08000248   0x00000000   Code   RO         4451    .ARM.Collect$$rtentry$$00000002  c_w.l(__rtentry2.o)
    0x08000248   0x08000248   0x00000006   Code   RO         4463    .ARM.Collect$$rtentry$$00000004  c_w.l(__rtentry4.o)
    0x0800024e   0x0800024e   0x00000000   Code   RO         4453    .ARM.Collect$$rtentry$$00000009  c_w.l(__rtentry2.o)
    0x0800024e   0x0800024e   0x00000004   Code   RO         4454    .ARM.Collect$$rtentry$$0000000A  c_w.l(__rtentry2.o)
    0x08000252   0x08000252   0x00000000   Code   RO         4456    .ARM.Collect$$rtentry$$0000000C  c_w.l(__rtentry2.o)
    0x08000252   0x08000252   0x00000008   Code   RO         4457    .ARM.Collect$$rtentry$$0000000D  c_w.l(__rtentry2.o)
    0x0800025a   0x0800025a   0x00000002   Code   RO         4584    .ARM.Collect$$rtexit$$00000000  c_w.l(rtexit.o)
    0x0800025c   0x0800025c   0x00000000   Code   RO         4591    .ARM.Collect$$rtexit$$00000002  c_w.l(rtexit2.o)
    0x0800025c   0x0800025c   0x00000004   Code   RO         4592    .ARM.Collect$$rtexit$$00000003  c_w.l(rtexit2.o)
    0x08000260   0x08000260   0x00000006   Code   RO         4593    .ARM.Collect$$rtexit$$00000004  c_w.l(rtexit2.o)
    0x08000266   0x08000266   0x00000002   PAD
    0x08000268   0x08000268   0x00000040   Code   RO           20    .text               startup_stm32f10x_md_vl.o
    0x080002a8   0x080002a8   0x00000024   Code   RO         4286    .text               c_w.l(vsprintf.o)
    0x080002cc   0x080002cc   0x0000002c   Code   RO         4288    .text               c_w.l(__2sprintf.o)
    0x080002f8   0x080002f8   0x0000004e   Code   RO         4294    .text               c_w.l(_printf_pad.o)
    0x08000346   0x08000346   0x00000002   PAD
    0x08000348   0x08000348   0x00000078   Code   RO         4296    .text               c_w.l(_printf_dec.o)
    0x080003c0   0x080003c0   0x00000188   Code   RO         4315    .text               c_w.l(__printf_flags_ss_wp.o)
    0x08000548   0x08000548   0x0000003e   Code   RO         4320    .text               c_w.l(strlen.o)
    0x08000586   0x08000586   0x0000008a   Code   RO         4322    .text               c_w.l(rt_memcpy_v6.o)
    0x08000610   0x08000610   0x00000064   Code   RO         4324    .text               c_w.l(rt_memcpy_w.o)
    0x08000674   0x08000674   0x00000044   Code   RO         4326    .text               c_w.l(rt_memclr.o)
    0x080006b8   0x080006b8   0x0000004e   Code   RO         4328    .text               c_w.l(rt_memclr_w.o)
    0x08000706   0x08000706   0x00000006   Code   RO         4335    .text               c_w.l(heapauxi.o)
    0x0800070c   0x0800070c   0x00000010   Code   RO         4364    .text               c_w.l(rt_ctype_table.o)
    0x0800071c   0x0800071c   0x00000024   Code   RO         4366    .text               c_w.l(_printf_truncate.o)
    0x08000740   0x08000740   0x00000052   Code   RO         4368    .text               c_w.l(_printf_str.o)
    0x08000792   0x08000792   0x000000b2   Code   RO         4370    .text               c_w.l(_printf_intcommon.o)
    0x08000844   0x08000844   0x00000028   Code   RO         4372    .text               c_w.l(_printf_charcount.o)
    0x0800086c   0x0800086c   0x00000030   Code   RO         4374    .text               c_w.l(_printf_char_common.o)
    0x0800089c   0x0800089c   0x0000000a   Code   RO         4376    .text               c_w.l(_sputc.o)
    0x080008a6   0x080008a6   0x00000002   PAD
    0x080008a8   0x080008a8   0x000000bc   Code   RO         4378    .text               c_w.l(_printf_wctomb.o)
    0x08000964   0x08000964   0x0000007c   Code   RO         4381    .text               c_w.l(_printf_longlong_dec.o)
    0x080009e0   0x080009e0   0x00000070   Code   RO         4387    .text               c_w.l(_printf_oct_int_ll.o)
    0x08000a50   0x08000a50   0x00000094   Code   RO         4407    .text               c_w.l(_printf_hex_int_ll_ptr.o)
    0x08000ae4   0x08000ae4   0x00000008   Code   RO         4468    .text               c_w.l(rt_locale_intlibspace.o)
    0x08000aec   0x08000aec   0x0000008a   Code   RO         4470    .text               c_w.l(lludiv10.o)
    0x08000b76   0x08000b76   0x0000041e   Code   RO         4472    .text               c_w.l(_printf_fp_dec.o)
    0x08000f94   0x08000f94   0x000002fc   Code   RO         4474    .text               c_w.l(_printf_fp_hex.o)
    0x08001290   0x08001290   0x0000002c   Code   RO         4479    .text               c_w.l(_printf_char.o)
    0x080012bc   0x080012bc   0x0000002c   Code   RO         4481    .text               c_w.l(_printf_wchar.o)
    0x080012e8   0x080012e8   0x00000040   Code   RO         4483    .text               c_w.l(_wcrtomb.o)
    0x08001328   0x08001328   0x00000008   Code   RO         4490    .text               c_w.l(libspace.o)
    0x08001330   0x08001330   0x0000004a   Code   RO         4493    .text               c_w.l(sys_stackheap_outer.o)
    0x0800137a   0x0800137a   0x00000002   PAD
    0x0800137c   0x0800137c   0x00000080   Code   RO         4495    .text               c_w.l(_printf_fp_infnan.o)
    0x080013fc   0x080013fc   0x000000e4   Code   RO         4497    .text               c_w.l(bigflt0.o)
    0x080014e0   0x080014e0   0x00000012   Code   RO         4525    .text               c_w.l(exit.o)
    0x080014f2   0x080014f2   0x00000002   PAD
    0x080014f4   0x080014f4   0x00000080   Code   RO         4527    .text               c_w.l(strcmpv7m.o)
    0x08001574   0x08001574   0x0000000c   Code   RO         4603    .text               c_w.l(sys_exit.o)
    0x08001580   0x08001580   0x00000002   Code   RO         4614    .text               c_w.l(use_no_semi.o)
    0x08001582   0x08001582   0x00000000   Code   RO         4616    .text               c_w.l(indicate_semi.o)
    0x08001582   0x08001582   0x0000003e   Code   RO         4500    CL$$btod_d2e        c_w.l(btod.o)
    0x080015c0   0x080015c0   0x00000046   Code   RO         4502    CL$$btod_d2e_denorm_low  c_w.l(btod.o)
    0x08001606   0x08001606   0x00000060   Code   RO         4501    CL$$btod_d2e_norm_op1  c_w.l(btod.o)
    0x08001666   0x08001666   0x00000338   Code   RO         4510    CL$$btod_div_common  c_w.l(btod.o)
    0x0800199e   0x0800199e   0x000000dc   Code   RO         4507    CL$$btod_e2e        c_w.l(btod.o)
    0x08001a7a   0x08001a7a   0x0000002a   Code   RO         4504    CL$$btod_ediv       c_w.l(btod.o)
    0x08001aa4   0x08001aa4   0x0000002a   Code   RO         4503    CL$$btod_emul       c_w.l(btod.o)
    0x08001ace   0x08001ace   0x00000244   Code   RO         4509    CL$$btod_mult_common  c_w.l(btod.o)
    0x08001d12   0x08001d12   0x00000016   Code   RO          202    i.ADC_Cmd           stm32f10x_adc.o
    0x08001d28   0x08001d28   0x00000016   Code   RO          203    i.ADC_DMACmd        stm32f10x_adc.o
    0x08001d3e   0x08001d3e   0x00000014   Code   RO          210    i.ADC_GetCalibrationStatus  stm32f10x_adc.o
    0x08001d52   0x08001d52   0x00000014   Code   RO          216    i.ADC_GetResetCalibrationStatus  stm32f10x_adc.o
    0x08001d66   0x08001d66   0x00000002   PAD
    0x08001d68   0x08001d68   0x00000050   Code   RO          220    i.ADC_Init          stm32f10x_adc.o
    0x08001db8   0x08001db8   0x000000b8   Code   RO          224    i.ADC_RegularChannelConfig  stm32f10x_adc.o
    0x08001e70   0x08001e70   0x0000000a   Code   RO          225    i.ADC_ResetCalibration  stm32f10x_adc.o
    0x08001e7a   0x08001e7a   0x00000016   Code   RO          227    i.ADC_SoftwareStartConvCmd  stm32f10x_adc.o
    0x08001e90   0x08001e90   0x0000000a   Code   RO          229    i.ADC_StartCalibration  stm32f10x_adc.o
    0x08001e9a   0x08001e9a   0x00000002   PAD
    0x08001e9c   0x08001e9c   0x0000010c   Code   RO         3476    i.AD_Init           ad.o
    0x08001fa8   0x08001fa8   0x00000004   Code   RO         3768    i.BusFault_Handler  stm32f10x_it.o
    0x08001fac   0x08001fac   0x0000005c   Code   RO         3527    i.DHT11_Check       dht11.o
    0x08002008   0x08002008   0x00000040   Code   RO         3528    i.DHT11_Init        dht11.o
    0x08002048   0x08002048   0x00000038   Code   RO         3529    i.DHT11_Mode        dht11.o
    0x08002080   0x08002080   0x0000005c   Code   RO         3530    i.DHT11_Read_Bit    dht11.o
    0x080020dc   0x080020dc   0x0000001e   Code   RO         3531    i.DHT11_Read_Byte   dht11.o
    0x080020fa   0x080020fa   0x00000058   Code   RO         3532    i.DHT11_Read_Data   dht11.o
    0x08002152   0x08002152   0x00000002   PAD
    0x08002154   0x08002154   0x00000030   Code   RO         3533    i.DHT11_Rst         dht11.o
    0x08002184   0x08002184   0x00000018   Code   RO          911    i.DMA_Cmd           stm32f10x_dma.o
    0x0800219c   0x0800219c   0x0000003c   Code   RO          917    i.DMA_Init          stm32f10x_dma.o
    0x080021d8   0x080021d8   0x00000002   Code   RO         3769    i.DebugMon_Handler  stm32f10x_it.o
    0x080021da   0x080021da   0x00000002   PAD
    0x080021dc   0x080021dc   0x00000048   Code   RO         3614    i.GPIO_Config       lcd1602.o
    0x08002224   0x08002224   0x00000116   Code   RO         1347    i.GPIO_Init         stm32f10x_gpio.o
    0x0800233a   0x0800233a   0x00000012   Code   RO         1351    i.GPIO_ReadInputDataBit  stm32f10x_gpio.o
    0x0800234c   0x0800234c   0x00000008   Code   RO         1352    i.GPIO_ReadOutputData  stm32f10x_gpio.o
    0x08002354   0x08002354   0x00000004   Code   RO         1354    i.GPIO_ResetBits    stm32f10x_gpio.o
    0x08002358   0x08002358   0x00000004   Code   RO         1355    i.GPIO_SetBits      stm32f10x_gpio.o
    0x0800235c   0x0800235c   0x00000004   Code   RO         1357    i.GPIO_Write        stm32f10x_gpio.o
    0x08002360   0x08002360   0x0000000a   Code   RO         1358    i.GPIO_WriteBit     stm32f10x_gpio.o
    0x0800236a   0x0800236a   0x00000004   Code   RO         3770    i.HardFault_Handler  stm32f10x_it.o
    0x0800236e   0x0800236e   0x00000002   PAD
    0x08002370   0x08002370   0x00000084   Code   RO         3698    i.Init_Component_IO  main.o
    0x080023f4   0x080023f4   0x0000002c   Code   RO         3589    i.Key_Init          keys.o
    0x08002420   0x08002420   0x00000160   Code   RO         3590    i.Key_Scan          keys.o
    0x08002580   0x08002580   0x00000010   Code   RO         3615    i.LCD_Clear         lcd1602.o
    0x08002590   0x08002590   0x0000002c   Code   RO         3617    i.LCD_Init          lcd1602.o
    0x080025bc   0x080025bc   0x0000002a   Code   RO         3620    i.LCD_PrintString   lcd1602.o
    0x080025e6   0x080025e6   0x0000002c   Code   RO         3621    i.LCD_SetCursor     lcd1602.o
    0x08002612   0x08002612   0x00000002   PAD
    0x08002614   0x08002614   0x00000060   Code   RO         3622    i.LCD_WriteCommand  lcd1602.o
    0x08002674   0x08002674   0x00000060   Code   RO         3623    i.LCD_WriteData     lcd1602.o
    0x080026d4   0x080026d4   0x00000004   Code   RO         3771    i.MemManage_Handler  stm32f10x_it.o
    0x080026d8   0x080026d8   0x00000002   Code   RO         3772    i.NMI_Handler       stm32f10x_it.o
    0x080026da   0x080026da   0x00000002   PAD
    0x080026dc   0x080026dc   0x00000070   Code   RO          137    i.NVIC_Init         misc.o
    0x0800274c   0x0800274c   0x00000014   Code   RO          138    i.NVIC_PriorityGroupConfig  misc.o
    0x08002760   0x08002760   0x00000002   Code   RO         3773    i.PendSV_Handler    stm32f10x_it.o
    0x08002762   0x08002762   0x00000002   PAD
    0x08002764   0x08002764   0x00000018   Code   RO         1773    i.RCC_ADCCLKConfig  stm32f10x_rcc.o
    0x0800277c   0x0800277c   0x00000020   Code   RO         1774    i.RCC_AHBPeriphClockCmd  stm32f10x_rcc.o
    0x0800279c   0x0800279c   0x00000020   Code   RO         1775    i.RCC_APB1PeriphClockCmd  stm32f10x_rcc.o
    0x080027bc   0x080027bc   0x00000020   Code   RO         1776    i.RCC_APB1PeriphResetCmd  stm32f10x_rcc.o
    0x080027dc   0x080027dc   0x00000020   Code   RO         1777    i.RCC_APB2PeriphClockCmd  stm32f10x_rcc.o
    0x080027fc   0x080027fc   0x00000020   Code   RO         1778    i.RCC_APB2PeriphResetCmd  stm32f10x_rcc.o
    0x0800281c   0x0800281c   0x000000d4   Code   RO         1785    i.RCC_GetClocksFreq  stm32f10x_rcc.o
    0x080028f0   0x080028f0   0x00000028   Code   RO         3624    i.ReverseByte       lcd1602.o
    0x08002918   0x08002918   0x00000002   Code   RO         3774    i.SVC_Handler       stm32f10x_it.o
    0x0800291a   0x0800291a   0x00000008   Code   RO           24    i.SetSysClock       system_stm32f10x.o
    0x08002922   0x08002922   0x00000002   PAD
    0x08002924   0x08002924   0x000000e0   Code   RO           25    i.SetSysClockTo72   system_stm32f10x.o
    0x08002a04   0x08002a04   0x00000002   Code   RO         3775    i.SysTick_Handler   stm32f10x_it.o
    0x08002a06   0x08002a06   0x00000002   PAD
    0x08002a08   0x08002a08   0x00000060   Code   RO           27    i.SystemInit        system_stm32f10x.o
    0x08002a68   0x08002a68   0x00000020   Code   RO         3776    i.TIM4_IRQHandler   stm32f10x_it.o
    0x08002a88   0x08002a88   0x00000070   Code   RO         3350    i.TIM4_Init         timer4.o
    0x08002af8   0x08002af8   0x00000006   Code   RO         2416    i.TIM_ClearITPendingBit  stm32f10x_tim.o
    0x08002afe   0x08002afe   0x00000018   Code   RO         2421    i.TIM_Cmd           stm32f10x_tim.o
    0x08002b16   0x08002b16   0x00000022   Code   RO         2442    i.TIM_GetITStatus   stm32f10x_tim.o
    0x08002b38   0x08002b38   0x00000012   Code   RO         2446    i.TIM_ITConfig      stm32f10x_tim.o
    0x08002b4a   0x08002b4a   0x00000002   PAD
    0x08002b4c   0x08002b4c   0x000000a4   Code   RO         2492    i.TIM_TimeBaseInit  stm32f10x_tim.o
    0x08002bf0   0x08002bf0   0x00000034   Code   RO         3777    i.USART1_IRQHandler  stm32f10x_it.o
    0x08002c24   0x08002c24   0x00000012   Code   RO         2956    i.USART_ClearFlag   stm32f10x_usart.o
    0x08002c36   0x08002c36   0x0000001e   Code   RO         2957    i.USART_ClearITPendingBit  stm32f10x_usart.o
    0x08002c54   0x08002c54   0x00000018   Code   RO         2960    i.USART_Cmd         stm32f10x_usart.o
    0x08002c6c   0x08002c6c   0x0000009c   Code   RO         2962    i.USART_DeInit      stm32f10x_usart.o
    0x08002d08   0x08002d08   0x0000001a   Code   RO         2963    i.USART_GetFlagStatus  stm32f10x_usart.o
    0x08002d22   0x08002d22   0x00000054   Code   RO         2964    i.USART_GetITStatus  stm32f10x_usart.o
    0x08002d76   0x08002d76   0x0000004a   Code   RO         2966    i.USART_ITConfig    stm32f10x_usart.o
    0x08002dc0   0x08002dc0   0x000000d8   Code   RO         2967    i.USART_Init        stm32f10x_usart.o
    0x08002e98   0x08002e98   0x0000000a   Code   RO         2974    i.USART_ReceiveData  stm32f10x_usart.o
    0x08002ea2   0x08002ea2   0x00000008   Code   RO         2977    i.USART_SendData    stm32f10x_usart.o
    0x08002eaa   0x08002eaa   0x00000004   Code   RO         3778    i.UsageFault_Handler  stm32f10x_it.o
    0x08002eae   0x08002eae   0x00000002   PAD
    0x08002eb0   0x08002eb0   0x000000a0   Code   RO         3365    i.Usart1_Init       usart1.o
    0x08002f50   0x08002f50   0x000000bc   Code   RO         3445    i.Usart3_Init       usart3.o
    0x0800300c   0x0800300c   0x00000028   Code   RO         4582    i.__ARM_fpclassify  m_ws.l(fpclassify.o)
    0x08003034   0x08003034   0x0000000e   Code   RO         4308    i._is_digit         c_w.l(__printf_wp.o)
    0x08003042   0x08003042   0x00000018   Code   RO         3196    i.delay_ms          delay.o
    0x0800305a   0x0800305a   0x00000018   Code   RO         3625    i.delay_ms          lcd1602.o
    0x08003072   0x08003072   0x0000002e   Code   RO         3198    i.delay_us          delay.o
    0x080030a0   0x080030a0   0x00000020   Code   RO         3626    i.delay_us          lcd1602.o
    0x080030c0   0x080030c0   0x0000001a   Code   RO         4090    i.exchangeBytes     common.o
    0x080030da   0x080030da   0x0000001a   Code   RO         4091    i.exchangeWord      common.o
    0x080030f4   0x080030f4   0x0000002a   Code   RO         4162    i.gizAcrossByteJudge  datapointtools.o
    0x0800311e   0x0800311e   0x00000032   Code   RO         4163    i.gizByteOrderExchange  datapointtools.o
    0x08003150   0x08003150   0x00000340   Code   RO         3926    i.gizCheckReport    gizwits_protocol.o
    0x08003490   0x08003490   0x0000025c   Code   RO         3927    i.gizDataPoint2Event  gizwits_protocol.o
    0x080036ec   0x080036ec   0x00000174   Code   RO         3928    i.gizDataPoints2ReportData  gizwits_protocol.o
    0x08003860   0x08003860   0x000000bc   Code   RO         3929    i.gizDevReportPolicy  gizwits_protocol.o
    0x0800391c   0x0800391c   0x0000000c   Code   RO         3849    i.gizGetTimerCount  gizwits_product.o
    0x08003928   0x08003928   0x0000008c   Code   RO         3930    i.gizProtocolAckHandle  gizwits_protocol.o
    0x080039b4   0x080039b4   0x000000a0   Code   RO         3931    i.gizProtocolCommonAck  gizwits_protocol.o
    0x08003a54   0x08003a54   0x000000a4   Code   RO         3932    i.gizProtocolErrorCmd  gizwits_protocol.o
    0x08003af8   0x08003af8   0x0000017c   Code   RO         3933    i.gizProtocolGetDeviceInfo  gizwits_protocol.o
    0x08003c74   0x08003c74   0x000001fc   Code   RO         3934    i.gizProtocolGetOnePacket  gizwits_protocol.o
    0x08003e70   0x08003e70   0x00000050   Code   RO         3935    i.gizProtocolHeadInit  gizwits_protocol.o
    0x08003ec0   0x08003ec0   0x00000140   Code   RO         3936    i.gizProtocolIssuedDataAck  gizwits_protocol.o
    0x08004000   0x08004000   0x0000010c   Code   RO         3937    i.gizProtocolIssuedProcess  gizwits_protocol.o
    0x0800410c   0x0800410c   0x0000005c   Code   RO         3938    i.gizProtocolModuleInfoHandle  gizwits_protocol.o
    0x08004168   0x08004168   0x00000504   Code   RO         3939    i.gizProtocolModuleStatus  gizwits_protocol.o
    0x0800466c   0x0800466c   0x0000008c   Code   RO         3940    i.gizProtocolNTP    gizwits_protocol.o
    0x080046f8   0x080046f8   0x0000001c   Code   RO         3941    i.gizProtocolReboot  gizwits_protocol.o
    0x08004714   0x08004714   0x0000007c   Code   RO         3942    i.gizProtocolResendData  gizwits_protocol.o
    0x08004790   0x08004790   0x00000026   Code   RO         4093    i.gizProtocolSum    common.o
    0x080047b6   0x080047b6   0x00000002   PAD
    0x080047b8   0x080047b8   0x00000064   Code   RO         3943    i.gizProtocolWaitAck  gizwits_protocol.o
    0x0800481c   0x0800481c   0x00000048   Code   RO         3944    i.gizProtocolWaitAckCheck  gizwits_protocol.o
    0x08004864   0x08004864   0x00000074   Code   RO         3945    i.gizPutData        gizwits_protocol.o
    0x080048d8   0x080048d8   0x000000d4   Code   RO         3946    i.gizReportData     gizwits_protocol.o
    0x080049ac   0x080049ac   0x00000080   Code   RO         4164    i.gizStandardCompressValue  datapointtools.o
    0x08004a2c   0x08004a2c   0x000000c2   Code   RO         4165    i.gizStandardDecompressionValue  datapointtools.o
    0x08004aee   0x08004aee   0x00000002   PAD
    0x08004af0   0x08004af0   0x00000010   Code   RO         3850    i.gizTimerMs        gizwits_product.o
    0x08004b00   0x08004b00   0x0000000c   Code   RO         4168    i.gizX2Y            datapointtools.o
    0x08004b0c   0x08004b0c   0x0000000e   Code   RO         4170    i.gizY2X            datapointtools.o
    0x08004b1a   0x08004b1a   0x00000002   PAD
    0x08004b1c   0x08004b1c   0x00000464   Code   RO         3851    i.gizwitsEventProcess  gizwits_product.o
    0x08004f80   0x08004f80   0x00000320   Code   RO         3949    i.gizwitsHandle     gizwits_protocol.o
    0x080052a0   0x080052a0   0x00000064   Code   RO         3950    i.gizwitsInit       gizwits_protocol.o
    0x08005304   0x08005304   0x00000260   Code   RO         3952    i.gizwitsSetMode    gizwits_protocol.o
    0x08005564   0x08005564   0x000006f0   Code   RO         3700    i.main              main.o
    0x08005c54   0x08005c54   0x00000030   Code   RO         3852    i.mcuRestart        gizwits_product.o
    0x08005c84   0x08005c84   0x00000038   Code   RO         4231    i.rbCanRead         ringbuffer.o
    0x08005cbc   0x08005cbc   0x0000001e   Code   RO         4232    i.rbCanWrite        ringbuffer.o
    0x08005cda   0x08005cda   0x0000000e   Code   RO         4233    i.rbCapacity        ringbuffer.o
    0x08005ce8   0x08005ce8   0x00000016   Code   RO         4234    i.rbCreate          ringbuffer.o
    0x08005cfe   0x08005cfe   0x000000a2   Code   RO         4236    i.rbRead            ringbuffer.o
    0x08005da0   0x08005da0   0x0000009a   Code   RO         4237    i.rbWrite           ringbuffer.o
    0x08005e3a   0x08005e3a   0x00000002   PAD
    0x08005e3c   0x08005e3c   0x00000050   Code   RO         3367    i.u1_printf         usart1.o
    0x08005e8c   0x08005e8c   0x000000a4   Code   RO         3853    i.uartWrite         gizwits_product.o
    0x08005f30   0x08005f30   0x000000e0   Code   RO         3854    i.userHandle        gizwits_product.o
    0x08006010   0x08006010   0x00000084   Code   RO         3855    i.userInit          gizwits_product.o
    0x08006094   0x08006094   0x0000002c   Code   RO         4486    locale$$code        c_w.l(lc_ctype_c.o)
    0x080060c0   0x080060c0   0x0000002c   Code   RO         4523    locale$$code        c_w.l(lc_numeric_c.o)
    0x080060ec   0x080060ec   0x00000004   Code   RO         4441    x$fpl$printf1       fz_ws.l(printf1.o)
    0x080060f0   0x080060f0   0x00000004   Code   RO         4443    x$fpl$printf2       fz_ws.l(printf2.o)
    0x080060f4   0x080060f4   0x00000000   Code   RO         4449    x$fpl$usenofp       fz_ws.l(usenofp.o)
    0x080060f4   0x080060f4   0x00000011   Data   RO         4316    .constdata          c_w.l(__printf_flags_ss_wp.o)
    0x08006105   0x08006105   0x00000003   PAD
    0x08006108   0x08006108   0x00000008   Data   RO         4379    .constdata          c_w.l(_printf_wctomb.o)
    0x08006110   0x08006110   0x00000028   Data   RO         4408    .constdata          c_w.l(_printf_hex_int_ll_ptr.o)
    0x08006138   0x08006138   0x00000026   Data   RO         4475    .constdata          c_w.l(_printf_fp_hex.o)
    0x0800615e   0x0800615e   0x00000002   PAD
    0x08006160   0x08006160   0x00000094   Data   RO         4498    .constdata          c_w.l(bigflt0.o)
    0x080061f4   0x080061f4   0x00000020   Data   RO         4663    Region$$Table       anon$$obj.o
    0x08006214   0x08006214   0x00000110   Data   RO         4485    locale$$data        c_w.l(lc_ctype_c.o)
    0x08006324   0x08006324   0x0000001c   Data   RO         4522    locale$$data        c_w.l(lc_numeric_c.o)


    Execution Region RW_IRAM1 (Exec base: 0x20000000, Load base: 0x08006340, Size: 0x000011a0, Max: 0x00005000, ABSOLUTE)

    Exec Addr    Load Addr    Size         Type   Attr      Idx    E Section Name        Object

    0x20000000   0x08006340   0x00000014   Data   RW         1805    .data               stm32f10x_rcc.o
    0x20000014   0x08006354   0x00000008   Data   RW         3477    .data               ad.o
    0x2000001c   0x0800635c   0x0000000c   Data   RW         3591    .data               keys.o
    0x20000028   0x08006368   0x00000013   Data   RW         3701    .data               main.o
    0x2000003b   0x0800637b   0x00000001   PAD
    0x2000003c   0x0800637c   0x00000004   Data   RW         3857    .data               gizwits_product.o
    0x20000040   0x08006380   0x00000010   Data   RW         3954    .data               gizwits_protocol.o
    0x20000050        -       0x00000800   Zero   RW         3368    .bss                usart1.o
    0x20000850        -       0x00000037   Zero   RW         3856    .bss                gizwits_product.o
    0x20000887   0x08006390   0x00000001   PAD
    0x20000888        -       0x000002b2   Zero   RW         3953    .bss                gizwits_protocol.o
    0x20000b3a   0x08006390   0x00000002   PAD
    0x20000b3c        -       0x00000060   Zero   RW         4491    .bss                c_w.l(libspace.o)
    0x20000b9c   0x08006390   0x00000004   PAD
    0x20000ba0        -       0x00000200   Zero   RW           18    HEAP                startup_stm32f10x_md_vl.o
    0x20000da0        -       0x00000400   Zero   RW           17    STACK               startup_stm32f10x_md_vl.o


==============================================================================

Image component sizes


      Code (inc. data)   RO Data    RW Data    ZI Data      Debug   Object Name

       268         18          0          8          0       1205   ad.o
        90          0          0          0          0       3460   common.o
         0          0          0          0          0       4564   core_cm3.o
       440          0          0          0          0       4977   datapointtools.o
        70          0          0          0          0        978   delay.o
       470         24          0          0          0       6125   dht11.o
      1720        664          0          4         55      29203   gizwits_product.o
      7692       2518          0         16        690      19122   gizwits_protocol.o
       396         32          0         12          0       2062   keys.o
       506         26          0          0          0       5110   lcd1602.o
      1908        446          0         19          0       5246   main.o
       132         22          0          0          0     213847   misc.o
       438          0          0          0          0       4524   ringbuffer.o
        64         26        288          0       1536        800   startup_stm32f10x_md_vl.o
       390         10          0          0          0      17833   stm32f10x_adc.o
        84          0          0          0          0      12497   stm32f10x_dma.o
       326          0          0          0          0      13439   stm32f10x_gpio.o
       110         10          0          0          0       4804   stm32f10x_it.o
       396         56          0         20          0      15207   stm32f10x_rcc.o
       246         42          0          0          0      23718   stm32f10x_tim.o
       646         28          0          0          0      13708   stm32f10x_usart.o
       328         28          0          0          0      55117   system_stm32f10x.o
       112          6          0          0          0        676   timer4.o
       240         18          0          0       2048       2720   usart1.o
       188         10          0          0          0        746   usart3.o

    ----------------------------------------------------------------------
     17292       3984        320         80       4332     461688   Object Totals
         0          0         32          0          0          0   (incl. Generated)
        32          0          0          1          3          0   (incl. Padding)

    ----------------------------------------------------------------------

      Code (inc. data)   RO Data    RW Data    ZI Data      Debug   Library Member Name

        44          6          0          0          0         84   __2sprintf.o
         8          0          0          0          0         68   __main.o
       392          4         17          0          0         92   __printf_flags_ss_wp.o
        14          0          0          0          0         68   __printf_wp.o
         0          0          0          0          0          0   __rtentry.o
        12          0          0          0          0          0   __rtentry2.o
         6          0          0          0          0          0   __rtentry4.o
        52          8          0          0          0          0   __scatter.o
        26          0          0          0          0          0   __scatter_copy.o
        28          0          0          0          0          0   __scatter_zi.o
         6          0          0          0          0          0   _printf_a.o
         6          0          0          0          0          0   _printf_c.o
        44          0          0          0          0        108   _printf_char.o
        48          6          0          0          0         96   _printf_char_common.o
        40          0          0          0          0         68   _printf_charcount.o
         6          0          0          0          0          0   _printf_d.o
       120         16          0          0          0         92   _printf_dec.o
         6          0          0          0          0          0   _printf_e.o
         6          0          0          0          0          0   _printf_f.o
      1054          0          0          0          0        216   _printf_fp_dec.o
       764          8         38          0          0        100   _printf_fp_hex.o
       128         16          0          0          0         84   _printf_fp_infnan.o
         6          0          0          0          0          0   _printf_g.o
       148          4         40          0          0        160   _printf_hex_int_ll_ptr.o
         6          0          0          0          0          0   _printf_i.o
       178          0          0          0          0         88   _printf_intcommon.o
        10          0          0          0          0          0   _printf_l.o
         6          0          0          0          0          0   _printf_lc.o
        10          0          0          0          0          0   _printf_ll.o
         6          0          0          0          0          0   _printf_lld.o
         6          0          0          0          0          0   _printf_lli.o
         6          0          0          0          0          0   _printf_llo.o
         6          0          0          0          0          0   _printf_llu.o
         6          0          0          0          0          0   _printf_llx.o
       124         16          0          0          0         92   _printf_longlong_dec.o
         6          0          0          0          0          0   _printf_ls.o
         6          0          0          0          0          0   _printf_n.o
         6          0          0          0          0          0   _printf_o.o
       112         10          0          0          0        124   _printf_oct_int_ll.o
         6          0          0          0          0          0   _printf_p.o
        78          0          0          0          0        108   _printf_pad.o
         0          0          0          0          0          0   _printf_percent.o
         4          0          0          0          0          0   _printf_percent_end.o
         6          0          0          0          0          0   _printf_s.o
        82          0          0          0          0         80   _printf_str.o
        36          0          0          0          0         84   _printf_truncate.o
         6          0          0          0          0          0   _printf_u.o
        44          0          0          0          0        108   _printf_wchar.o
       188          6          8          0          0         92   _printf_wctomb.o
         6          0          0          0          0          0   _printf_x.o
        10          0          0          0          0         68   _sputc.o
        64          0          0          0          0         92   _wcrtomb.o
       228          4        148          0          0         96   bigflt0.o
      1936        128          0          0          0        672   btod.o
        18          0          0          0          0         80   exit.o
         6          0          0          0          0        152   heapauxi.o
         0          0          0          0          0          0   indicate_semi.o
        44         10        272          0          0         76   lc_ctype_c.o
        44         10         28          0          0         76   lc_numeric_c.o
         2          0          0          0          0          0   libinit.o
        30          0          0          0          0          0   libinit2.o
         2          0          0          0          0          0   libshutdown.o
         2          0          0          0          0          0   libshutdown2.o
         8          4          0          0         96         68   libspace.o
       138          0          0          0          0         80   lludiv10.o
        16          4          0          0          0         76   rt_ctype_table.o
         8          4          0          0          0         68   rt_locale_intlibspace.o
        68          0          0          0          0         68   rt_memclr.o
        78          0          0          0          0         80   rt_memclr_w.o
       138          0          0          0          0         68   rt_memcpy_v6.o
       100          0          0          0          0         80   rt_memcpy_w.o
         2          0          0          0          0          0   rtexit.o
        10          0          0          0          0          0   rtexit2.o
       128          0          0          0          0         68   strcmpv7m.o
        62          0          0          0          0         76   strlen.o
        12          4          0          0          0         68   sys_exit.o
        74          0          0          0          0         80   sys_stackheap_outer.o
         2          0          0          0          0         68   use_no_semi.o
        36          4          0          0          0         76   vsprintf.o
         4          0          0          0          0         68   printf1.o
         4          0          0          0          0         68   printf2.o
         0          0          0          0          0          0   usenofp.o
        40          0          0          0          0         68   fpclassify.o

    ----------------------------------------------------------------------
      7240        272        556          0        100       4552   Library Totals
        12          0          5          0          4          0   (incl. Padding)

    ----------------------------------------------------------------------

      Code (inc. data)   RO Data    RW Data    ZI Data      Debug   Library Name

      7180        272        551          0         96       4348   c_w.l
         8          0          0          0          0        136   fz_ws.l
        40          0          0          0          0         68   m_ws.l

    ----------------------------------------------------------------------
      7240        272        556          0        100       4552   Library Totals

    ----------------------------------------------------------------------

==============================================================================


      Code (inc. data)   RO Data    RW Data    ZI Data      Debug   

     24532       4256        876         80       4432     457188   Grand Totals
     24532       4256        876         80       4432     457188   ELF Image Totals
     24532       4256        876         80          0          0   ROM Totals

==============================================================================

    Total RO  Size (Code + RO Data)                25408 (  24.81kB)
    Total RW  Size (RW Data + ZI Data)              4512 (   4.41kB)
    Total ROM Size (Code + RO Data + RW Data)      25488 (  24.89kB)

==============================================================================

